  Volume:               4/15
  -------------------------------------------------------------
  SCORE:               29/100
  Classificação:     FRACO
  Sinal:             SEM SINAL
  Confiança:           9%
  ✓ Concluído em 0.32s
[28/50] CRCLB/USDT
  Buscando OHLCV (tentativa 1/3)...
  ✓ 120 candles fechados
  Preço:                     92.08000000
  RSI:                       61.01
  EMA20:                     90.60682485
  EMA50:                     89.50324807
  Momentum 4h:               +0.29%
  Volume relativo:           0.11x
  ATR:                       1.90%

  COMPONENTES DO SCORE
  -------------------------------------------------------------
  RSI:                20/20
  Tendência 1h:       25/25
  Tendência 4h:        0/20
  Momentum:             7/15
  Volume:               0/15
  -------------------------------------------------------------
  SCORE:               52/100
  Classificação:     MODERADO
  Sinal:             SEM SINAL
  Confiança:          26%
  Riscos:            VOLUME_BAIXO
  ✓ Concluído em 0.30s
[29/50] TAO/USDT
  Buscando OHLCV (tentativa 1/3)...
  ✓ 120 candles fechados
  Preço:                     233.60000000
  RSI:                       47.63
  EMA20:                     234.05585160
  EMA50:                     234.96332368
  Momentum 4h:               +0.52%
  Volume relativo:           0.59x
  ATR:                       1.67%

  COMPONENTES DO SCORE
  -------------------------------------------------------------
  RSI:                19/20
  Tendência 1h:        0/25
  Tendência 4h:        0/20
  Momentum:            10/15
  Volume:               4/15
  -------------------------------------------------------------
  SCORE:               33/100
  Classificação:     FRACO
  Sinal:             SEM SINAL
  Confiança:           9%
  ✓ Concluído em 0.30s
[30/50] WLD/USDT
  Buscando OHLCV (tentativa 1/3)...
  ✓ 120 candles fechados
  Preço:                     0.39560000
  RSI:                       50.68
  EMA20:                     0.39345417
  EMA50:                     0.39692780
  Momentum 4h:               +2.28%
  Volume relativo:           0.73x
  ATR:                       1.79%

  COMPONENTES DO SCORE
  -------------------------------------------------------------
  RSI:                20/20
  Tendência 1h:       15/25
  Tendência 4h:        0/20
  Momentum:            15/15
  Volume:               4/15
  -------------------------------------------------------------
  SCORE:               54/100
  Classificação:     MODERADO
  Sinal:             SEM SINAL
  Confiança:          38%
  ✓ Concluído em 0.30s
[31/50] LTC/USDT
  Buscando OHLCV (tentativa 1/3)...
  ✓ 120 candles fechados
  Preço:                     50.44000000
  RSI:                       41.70
  EMA20:                     50.83896320
  EMA50:                     51.36515802
  Momentum 4h:               -0.14%
  Volume relativo:           1.22x
  ATR:                       1.15%

  COMPONENTES DO SCORE
  -------------------------------------------------------------
  RSI:                15/20
  Tendência 1h:        0/25
  Tendência 4h:        0/20
  Momentum:             3/15
  Volume:               9/15
  -------------------------------------------------------------
  SCORE:               27/100
  Classificação:     FRACO
  Sinal:             SEM SINAL
  Confiança:           0%
  Riscos:            MOMENTUM_NEGATIVO
  ✓ Concluído em 0.30s
[32/50] FDUSD/USDT
  Buscando OHLCV (tentativa 1/3)...
  ✓ 120 candles fechados
  Preço:                     0.99880000
  RSI:                       48.79
  EMA20:                     0.99881171
  EMA50:                     0.99883044
  Momentum 4h:               +0.02%
  Volume relativo:           1.00x
  ATR:                       0.03%

  COMPONENTES DO SCORE
  -------------------------------------------------------------
  RSI:                19/20
  Tendência 1h:        0/25
  Tendência 4h:        0/20
  Momentum:             7/15
  Volume:               9/15
  -------------------------------------------------------------
  SCORE:               35/100
  Classificação:     NEUTRO
  Sinal:             SEM SINAL
  Confiança:          10%
  ✓ Concluído em 0.30s
[33/50] POL/USDT
  Buscando OHLCV (tentativa 1/3)...
  ✓ 120 candles fechados
  Preço:                     0.12329000
  RSI:                       56.91
  EMA20:                     0.12152158
  EMA50:                     0.11757640
  Momentum 4h:               +0.75%
  Volume relativo:           0.57x
  ATR:                       3.09%

  COMPONENTES DO SCORE
  -------------------------------------------------------------
  RSI:                20/20
  Tendência 1h:       25/25
  Tendência 4h:        0/20
  Momentum:            10/15
  Volume:               4/15
  -------------------------------------------------------------
  SCORE:               59/100
  Classificação:     MODERADO
  Sinal:             SEM SINAL
  Confiança:          41%
  ✓ Concluído em 0.32s
[34/50] UNI/USDT
  Buscando OHLCV (tentativa 1/3)...
  ✓ 120 candles fechados
  Preço:                     4.33200000
  RSI:                       50.33
  EMA20:                     4.32211710
  EMA50:                     4.33299017
  Momentum 4h:               +1.03%
  Volume relativo:           0.82x
  ATR:                       1.67%

  COMPONENTES DO SCORE
  -------------------------------------------------------------
  RSI:                20/20
  Tendência 1h:       15/25
  Tendência 4h:        0/20
  Momentum:            13/15
  Volume:               4/15
  -------------------------------------------------------------
  SCORE:               52/100
  Classificação:     MODERADO
  Sinal:             SEM SINAL
  Confiança:          36%
  ✓ Concluído em 0.29s
[35/50] XLM/USDT
  Buscando OHLCV (tentativa 1/3)...
  ✓ 120 candles fechados
  Preço:                     0.18530000
  RSI:                       36.95
  EMA20:                     0.18826755
  EMA50:                     0.19170628
  Momentum 4h:               +0.11%
  Volume relativo:           0.58x
  ATR:                       1.39%

  COMPONENTES DO SCORE
  -------------------------------------------------------------
  RSI:                11/20
  Tendência 1h:        0/25
  Tendência 4h:        0/20
  Momentum:             7/15
  Volume:               4/15
  -------------------------------------------------------------
  SCORE:               22/100
  Classificação:     FRACO
  Sinal:             SEM SINAL
  Confiança:           6%
  ✓ Concluído em 0.29s
[36/50] PROM/USDT
  Buscando OHLCV (tentativa 1/3)...
  ✓ 120 candles fechados
  Preço:                     4.09600000
  RSI:                       49.58
  EMA20:                     4.16420350
  EMA50:                     3.88760938
  Momentum 4h:               -2.85%
  Volume relativo:           3.34x
  ATR:                       4.95%

  COMPONENTES DO SCORE
  -------------------------------------------------------------
  RSI:                19/20
  Tendência 1h:       15/25
  Tendência 4h:        0/20
  Momentum:             0/15
  Volume:              15/15
  -------------------------------------------------------------
  SCORE:               49/100
  Classificação:     MODERADO
  Sinal:             SEM SINAL
  Confiança:          23%
  Riscos:            MOMENTUM_NEGATIVO
  ✓ Concluído em 0.29s
[37/50] BMT/USDT
  Buscando OHLCV (tentativa 1/3)...
  ✓ 120 candles fechados
  Preço:                     0.02657000
  RSI:                       87.25
  EMA20:                     0.02027781
  EMA50:                     0.01782862
  Momentum 4h:               +10.57%
  Volume relativo:           1.71x
  ATR:                       6.75%

  COMPONENTES DO SCORE
  -------------------------------------------------------------
  RSI:                 3/20
  Tendência 1h:       25/25
  Tendência 4h:        0/20
  Momentum:            15/15
  Volume:              12/15
  -------------------------------------------------------------
  SCORE:               55/100
  Classificação:     MODERADO
  Sinal:             SEM SINAL
  Confiança:          39%
  Riscos:            RSI_SOBRECOMPRADO, VOLATILIDADE_ALTA
  ✓ Concluído em 0.79s
[38/50] AVAX/USDT
  Buscando OHLCV (tentativa 1/3)...
  ✓ 120 candles fechados
  Preço:                     7.39500000
  RSI:                       43.08
  EMA20:                     7.44155369
  EMA50:                     7.49051310
  Momentum 4h:               +0.04%
  Volume relativo:           0.16x
  ATR:                       1.15%

  COMPONENTES DO SCORE
  -------------------------------------------------------------
  RSI:                15/20
  Tendência 1h:        0/25
  Tendência 4h:        0/20
  Momentum:             7/15
  Volume:               0/15
  -------------------------------------------------------------
  SCORE:               22/100
  Classificação:     FRACO
  Sinal:             SEM SINAL
  Confiança:           0%
  Riscos:            VOLUME_BAIXO
  ✓ Concluído em 0.29s
[39/50] XPL/USDT
  Buscando OHLCV (tentativa 1/3)...
  ✓ 120 candles fechados
  Preço:                     0.09305000
  RSI:                       47.06
  EMA20:                     0.09302472
  EMA50:                     0.09512358
  Momentum 4h:               +1.69%
  Volume relativo:           2.41x
  ATR:                       1.96%

  COMPONENTES DO SCORE
  -------------------------------------------------------------
  RSI:                19/20
  Tendência 1h:       15/25
  Tendência 4h:        0/20
  Momentum:            13/15
  Volume:              15/15
  -------------------------------------------------------------
  SCORE:               62/100
  Classificação:     FORTE
  Sinal:             SEM SINAL
  Confiança:          53%
  ✓ Concluído em 0.30s
[40/50] XAUT/USDT
  Buscando OHLCV (tentativa 1/3)...
  ✓ 120 candles fechados
  Preço:                     4642.06000000
  RSI:                       53.77
  EMA20:                     4634.24793844
  EMA50:                     4625.43811536
  Momentum 4h:               -0.32%
  Volume relativo:           0.50x
  ATR:                       0.40%

  COMPONENTES DO SCORE
  -------------------------------------------------------------
  RSI:                20/20
  Tendência 1h:       25/25
  Tendência 4h:        0/20
  Momentum:             3/15
  Volume:               0/15
  -------------------------------------------------------------
  SCORE:               48/100
  Classificação:     MODERADO
  Sinal:             SEM SINAL
  Confiança:           8%
  Riscos:            MOMENTUM_NEGATIVO, VOLUME_BAIXO
  ✓ Concluído em 0.30s
[41/50] HBAR/USDT
  Buscando OHLCV (tentativa 1/3)...
  ✓ 120 candles fechados
  Preço:                     0.07853000
  RSI:                       43.55
  EMA20:                     0.07913772
  EMA50:                     0.07941929
  Momentum 4h:               +0.09%
  Volume relativo:           1.01x
  ATR:                       1.12%

  COMPONENTES DO SCORE
  -------------------------------------------------------------
  RSI:                15/20
  Tendência 1h:        0/25
  Tendência 4h:        0/20
  Momentum:             7/15
  Volume:               9/15
  -------------------------------------------------------------
  SCORE:               31/100
  Classificação:     FRACO
  Sinal:             SEM SINAL
  Confiança:          10%
  ✓ Concluído em 0.29s
[42/50] ONDO/USDT
  Buscando OHLCV (tentativa 1/3)...
  ✓ 120 candles fechados
  Preço:                     0.36910000
  RSI:                       44.44
  EMA20:                     0.37149882
  EMA50:                     0.37520455
  Momentum 4h:               +0.38%
  Volume relativo:           0.68x
  ATR:                       1.47%

  COMPONENTES DO SCORE
  -------------------------------------------------------------
  RSI:                15/20
  Tendência 1h:        0/25
  Tendência 4h:        0/20
  Momentum:             7/15
  Volume:               4/15
  -------------------------------------------------------------
  SCORE:               26/100
  Classificação:     FRACO
  Sinal:             SEM SINAL
  Confiança:           6%
  ✓ Concluído em 0.30s
[43/50] SPCXB/USDT
  Buscando OHLCV (tentativa 1/3)...
  ✓ 120 candles fechados
  Preço:                     138.07000000
  RSI:                       59.30
  EMA20:                     137.49342471
  EMA50:                     136.61860659
  Momentum 4h:               +0.11%
  Volume relativo:           0.10x
  ATR:                       0.67%

  COMPONENTES DO SCORE
  -------------------------------------------------------------
  RSI:                20/20
  Tendência 1h:       25/25
  Tendência 4h:        0/20
  Momentum:             7/15
  Volume:               0/15
  -------------------------------------------------------------
  SCORE:               52/100
  Classificação:     MODERADO
  Sinal:             SEM SINAL
  Confiança:          26%
  Riscos:            VOLUME_BAIXO
  ✓ Concluído em 0.29s
[44/50] INJ/USDT
  Buscando OHLCV (tentativa 1/3)...
  ✓ 120 candles fechados
  Preço:                     5.61600000
  RSI:                       46.54
  EMA20:                     5.66812199
  EMA50:                     5.60174682
  Momentum 4h:               -0.50%
  Volume relativo:           0.40x
  ATR:                       2.21%

  COMPONENTES DO SCORE
  -------------------------------------------------------------
  RSI:                19/20
  Tendência 1h:       15/25
  Tendência 4h:        0/20
  Momentum:             3/15
  Volume:               0/15
  -------------------------------------------------------------
  SCORE:               37/100
  Classificação:     NEUTRO
  Sinal:             SEM SINAL
  Confiança:           0%
  Riscos:            MOMENTUM_NEGATIVO, VOLUME_BAIXO
  ✓ Concluído em 0.29s
[45/50] PAXG/USDT
  Buscando OHLCV (tentativa 1/3)...
  ✓ 120 candles fechados
  Preço:                     4650.18000000
  RSI:                       53.31
  EMA20:                     4643.22096905
  EMA50:                     4634.92066742
  Momentum 4h:               -0.32%
  Volume relativo:           0.44x
  ATR:                       0.42%

  COMPONENTES DO SCORE
  -------------------------------------------------------------
  RSI:                20/20
  Tendência 1h:       25/25
  Tendência 4h:        0/20
  Momentum:             3/15
  Volume:               0/15
  -------------------------------------------------------------
  SCORE:               48/100
  Classificação:     MODERADO
  Sinal:             SEM SINAL
  Confiança:           8%
  Riscos:            MOMENTUM_NEGATIVO, VOLUME_BAIXO
  ✓ Concluído em 0.31s
[46/50] DASH/USDT
  Buscando OHLCV (tentativa 1/3)...
  ✓ 120 candles fechados
  Preço:                     38.64000000
  RSI:                       35.77
  EMA20:                     39.69568766
  EMA50:                     40.57440233
  Momentum 4h:               +0.08%
  Volume relativo:           0.34x
  ATR:                       2.17%

  COMPONENTES DO SCORE
  -------------------------------------------------------------
  RSI:                11/20
  Tendência 1h:        0/25
  Tendência 4h:        0/20
  Momentum:             7/15
  Volume:               0/15
  -------------------------------------------------------------
  SCORE:               18/100
  Classificação:     MUITO FRACO
  Sinal:             SEM SINAL
  Confiança:           0%
  Riscos:            VOLUME_BAIXO
  ✓ Concluído em 0.29s
[47/50] EUR/USDT
  Buscando OHLCV (tentativa 1/3)...
  ✓ 120 candles fechados
  Preço:                     1.16730000
  RSI:                       48.01
  EMA20:                     1.16744531
  EMA50:                     1.16814111
  Momentum 4h:               -0.08%
  Volume relativo:           0.87x
  ATR:                       0.06%

  COMPONENTES DO SCORE
  -------------------------------------------------------------
  RSI:                19/20
  Tendência 1h:        0/25
  Tendência 4h:        0/20
  Momentum:             3/15
  Volume:               4/15
  -------------------------------------------------------------
  SCORE:               26/100
  Classificação:     FRACO
  Sinal:             SEM SINAL
  Confiança:           0%
  Riscos:            MOMENTUM_NEGATIVO
  ✓ Concluído em 0.30s
[48/50] STX/USDT
  Buscando OHLCV (tentativa 1/3)...
  ✓ 120 candles fechados
  Preço:                     0.28130000
  RSI:                       67.88
  EMA20:                     0.26258260
  EMA50:                     0.24990548
  Momentum 4h:               +8.19%
  Volume relativo:           2.02x
  ATR:                       3.18%

  COMPONENTES DO SCORE
  -------------------------------------------------------------
  RSI:                20/20
  Tendência 1h:       25/25
  Tendência 4h:        0/20
  Momentum:            15/15
  Volume:              15/15
  -------------------------------------------------------------
  SCORE:               75/100
  Classificação:     MUITO FORTE
  Sinal:             COMPRA
  Confiança:          70%
  ✓ Concluído em 0.81s
[49/50] GRAM/USDT
  Buscando OHLCV (tentativa 1/3)...
  ✓ 120 candles fechados
  Preço:                     1.43300000
  RSI:                       34.67
  EMA20:                     1.45791597
  EMA50:                     1.46621586
  Momentum 4h:               -1.51%
  Volume relativo:           0.37x
  ATR:                       1.35%

  COMPONENTES DO SCORE
  -------------------------------------------------------------
  RSI:                11/20
  Tendência 1h:        0/25
  Tendência 4h:        0/20
  Momentum:             0/15
  Volume:               0/15
  -------------------------------------------------------------
  SCORE:               11/100
  Classificação:     MUITO FRACO
  Sinal:             SEM SINAL
  Confiança:           0%
  Riscos:            MOMENTUM_NEGATIVO, VOLUME_BAIXO
  ✓ Concluído em 0.31s
[50/50] ACE/USDT
  Buscando OHLCV (tentativa 1/3)...
  ✓ 120 candles fechados
  Preço:                     0.22150000
  RSI:                       46.15
  EMA20:                     0.22495432
  EMA50:                     0.22661380
  Momentum 4h:               +0.36%
  Volume relativo:           0.32x
  ATR:                       3.23%

  COMPONENTES DO SCORE
  -------------------------------------------------------------
  RSI:                19/20
  Tendência 1h:        0/25
  Tendência 4h:        0/20
  Momentum:             7/15
  Volume:               0/15
  -------------------------------------------------------------
  SCORE:               26/100
  Classificação:     FRACO
  Sinal:             SEM SINAL
  Confiança:           0%
  Riscos:            VOLUME_BAIXO
  ✓ Concluído em 0.31s

========================================================================================================================
                                        RANKING DETALHADO V3
========================================================================================================================
 # MERCADO         SCORE RSI T1H T4H  MOM  VOL   ATR  RVOL  CONF CLASSIFICAÇÃO
------------------------------------------------------------------------------------------------------------------------
 1 STX/USDT            75  20  25   0   15   15  3.18  2.02    70 MUITO FORTE
 2 RE/USDT             72  20  25   0   15   12  1.94  1.84    67 FORTE
 3 XPL/USDT            62  19  15   0   13   15  1.96  2.41    53 FORTE
 4 ONG/USDT            62  20  25   0   13    4  5.89  0.62    42 FORTE
 5 ZRO/USDT            60  20  25   0   15    0  6.03  0.17    32 FORTE
 6 POL/USDT            59  20  25   0   10    4  3.09  0.57    41 MODERADO
 7 BTC/USDT            56  20  25   0    7    4  0.74  0.59    38 MODERADO
 8 BMT/USDT            55   3  25   0   15   12  6.75  1.71    39 MODERADO
 9 PUMP/USDT           54  20  15   0   15    4  3.07  0.89    38 MODERADO
10 WLD/USDT            54  20  15   0   15    4  1.79  0.73    38 MODERADO
11 UNI/USDT            52  20  15   0   13    4  1.67  0.82    36 MODERADO
12 CRCLB/USDT          52  20  25   0    7    0  1.90  0.11    26 MODERADO
13 SPCXB/USDT          52  20  25   0    7    0  0.67  0.10    26 MODERADO
14 PROM/USDT           49  19  15   0    0   15  4.95  3.34    23 MODERADO
15 XAUT/USDT           48  20  25   0    3    0  0.40  0.50     8 MODERADO
16 PAXG/USDT           48  20  25   0    3    0  0.42  0.44     8 MODERADO
17 ETH/USDT            41  19  15   0    7    0  0.83  0.39    12 NEUTRO
18 PENGU/USDT          41  19  15   0    7    0  2.20  0.25    12 NEUTRO
19 INJ/USDT            37  19  15   0    3    0  2.21  0.40     0 NEUTRO
20 FDUSD/USDT          35  19   0   0    7    9  0.03  1.00    10 NEUTRO
21 TAO/USDT            33  19   0   0   10    4  1.67  0.59     9 FRACO
22 NEAR/USDT           33  19   0   0   10    4  1.55  0.56     9 FRACO
23 HBAR/USDT           31  15   0   0    7    9  1.12  1.01    10 FRACO
24 BNB/USDT            30  19   0   0    7    4  0.65  0.53     6 FRACO
25 AAVE/USDT           29  15   0   0   10    4  1.46  0.79     9 FRACO
26 TUT/USDT            29  19   0   0   10    0  4.80  0.38     0 FRACO
27 LTC/USDT            27  15   0   0    3    9  1.15  1.22     0 FRACO
28 SNDKB/USDT          27  15   0   0    3    9  1.39  1.05     0 FRACO
29 ONDO/USDT           26  15   0   0    7    4  1.47  0.68     6 FRACO
30 EUR/USDT            26  19   0   0    3    4  0.06  0.87     0 FRACO
31 USDC/USDT           26  19   0   0    3    4  0.01  0.82     0 FRACO
32 SOL/USDT            26  19   0   0    7    0  1.16  0.40     0 FRACO
33 LINK/USDT           26  19   0   0    7    0  1.25  0.34     0 FRACO
34 ACE/USDT            26  19   0   0    7    0  3.23  0.32     0 FRACO
35 U/USDT              26  19   0   0    7    0  0.02  0.32     0 FRACO
36 TRX/USDT            22  11   0   0    7    4  0.32  0.98     6 FRACO
37 XLM/USDT            22  11   0   0    7    4  1.39  0.58     6 FRACO
38 USD1/USDT           22  11   0   0    7    4  0.01  0.55     6 FRACO
39 ZEC/USDT            22  11   0   0    7    4  2.43  0.54     6 FRACO
40 RLUSD/USDT          22  19   0   0    3    0  0.02  0.46     0 FRACO
41 ADA/USDT            22  15   0   0    7    0  1.49  0.43     0 FRACO
42 PEPE/USDT           22  15   0   0    7    0  1.83  0.35     0 FRACO
43 AVAX/USDT           22  15   0   0    7    0  1.15  0.16     0 FRACO
44 DOGE/USDT           18  11   0   0    3    4  1.42  0.70     0 MUITO FRACO
45 ENA/USDT            18  11   0   0    3    4  2.13  0.65     0 MUITO FRACO
46 TRUMP/USDT          18  11   0   0    3    4  2.44  0.62     0 MUITO FRACO
47 SUI/USDT            18  11   0   0    3    4  1.61  0.50     0 MUITO FRACO
48 DASH/USDT           18  11   0   0    7    0  2.17  0.34     0 MUITO FRACO
49 XRP/USDT            14  11   0   0    3    0  1.42  0.37     0 MUITO FRACO
50 GRAM/USDT           11  11   0   0    0    0  1.35  0.37     0 MUITO FRACO
========================================================================================================================

======================================================================
                         TOP 10 V3
======================================================================
 1. STX/USDT         75/100 MUITO FORTE     CONF  70% COMPRA
 2. RE/USDT          72/100 FORTE           CONF  67% COMPRA
 3. XPL/USDT         62/100 FORTE           CONF  53% SEM SINAL
 4. ONG/USDT         62/100 FORTE           CONF  42% SEM SINAL
 5. ZRO/USDT         60/100 FORTE           CONF  32% SEM SINAL
 6. POL/USDT         59/100 MODERADO        CONF  41% SEM SINAL
 7. BTC/USDT         56/100 MODERADO        CONF  38% SEM SINAL
 8. BMT/USDT         55/100 MODERADO        CONF  39% SEM SINAL
 9. PUMP/USDT        54/100 MODERADO        CONF  38% SEM SINAL
10. WLD/USDT         54/100 MODERADO        CONF  38% SEM SINAL
======================================================================

======================================================================
                        SINAIS V3
======================================================================
 1. STX/USDT        SCORE  75  CONF  70%  COMPRA
 2. RE/USDT         SCORE  72  CONF  67%  COMPRA
======================================================================

Salvando análises V3 no banco...
✓ 50 análises V3 salvas

======================================================================
                        RESUMO V3
======================================================================
Mercados selecionados: 50
Análises concluídas:   50
Análises salvas:       50
Erros/avisos:          0
Tempo total:           27.45s
Banco:                 /home/alex/projetos/crypto-radar/data/crypto_radar.db
Tabela V3:             scanner_v3_results
======================================================================

======================================================================
                      CRYPTO RADAR - SCANNER V3
======================================================================
Timeframe:        1h
Candles:          120
TOP mercados:     50
Volume mínimo:    $1.00M
Timeout rede:     15s
Retry OHLCV:      3
Usando somente candles fechados.

Inicializando banco...
✓ Banco OK
Inicializando Binance...
✓ Binance OK

Carregando mercados...
Mercados candidatos: 485
Buscando tickers...
Mercados selecionados: 50

Analisando mercados...
----------------------------------------------------------------------
[01/50] USDC/USDT
  Buscando OHLCV (tentativa 1/3)...
  ✓ 120 candles fechados
  Preço:                     1.00000000
  RSI:                       43.25
  EMA20:                     1.00004217
  EMA50:                     1.00007756
  Momentum 4h:               -0.00%
  Volume relativo:           0.43x
  ATR:                       0.01%

  COMPONENTES DO SCORE
  -------------------------------------------------------------
  RSI:                15/20
  Tendência 1h:        0/25
  Tendência 4h:        0/20
  Momentum:             3/15
  Volume:               0/15
  -------------------------------------------------------------
  SCORE:               18/100
  Classificação:     MUITO FRACO
  Sinal:             SEM SINAL
  Confiança:           0%
  Riscos:            MOMENTUM_NEGATIVO, VOLUME_BAIXO
  ✓ Concluído em 0.82s
[02/50] BTC/USDT
  Buscando OHLCV (tentativa 1/3)...
  ✓ 120 candles fechados
  Preço:                     78690.01000000
  RSI:                       50.85
  EMA20:                     78609.06411123
  EMA50:                     78654.09646311
  Momentum 4h:               +0.30%
  Volume relativo:           0.85x
  ATR:                       0.63%

  COMPONENTES DO SCORE
  -------------------------------------------------------------
  RSI:                20/20
  Tendência 1h:       15/25
  Tendência 4h:        0/20
  Momentum:             7/15
  Volume:               4/15
  -------------------------------------------------------------
  SCORE:               46/100
  Classificação:     MODERADO
  Sinal:             SEM SINAL
  Confiança:          24%
  ✓ Concluído em 0.30s
[03/50] ETH/USDT
  Buscando OHLCV (tentativa 1/3)...
  ✓ 120 candles fechados
  Preço:                     2492.01000000
  RSI:                       58.48
  EMA20:                     2472.87712571
  EMA50:                     2468.14862107
  Momentum 4h:               +0.80%
  Volume relativo:           0.88x
  ATR:                       0.88%

  COMPONENTES DO SCORE
  -------------------------------------------------------------
  RSI:                20/20
  Tendência 1h:       25/25
  Tendência 4h:        0/20
  Momentum:            10/15
  Volume:               4/15
  -------------------------------------------------------------
  SCORE:               59/100
  Classificação:     MODERADO
  Sinal:             SEM SINAL
  Confiança:          41%
  ✓ Concluído em 0.81s
[04/50] RE/USDT
  Buscando OHLCV (tentativa 1/3)...
  ✓ 120 candles fechados
  Preço:                     0.51550000
  RSI:                       38.56
  EMA20:                     0.52811053
  EMA50:                     0.53880863
  Momentum 4h:               -0.19%
  Volume relativo:           0.04x
  ATR:                       1.91%

  COMPONENTES DO SCORE
  -------------------------------------------------------------
  RSI:                11/20
  Tendência 1h:        0/25
  Tendência 4h:        0/20
  Momentum:             3/15
  Volume:               0/15
  -------------------------------------------------------------
  SCORE:               14/100
  Classificação:     MUITO FRACO
  Sinal:             SEM SINAL
  Confiança:           0%
  Riscos:            MOMENTUM_NEGATIVO, VOLUME_BAIXO
  ✓ Concluído em 0.31s
[05/50] SOL/USDT
  Buscando OHLCV (tentativa 1/3)...
  ✓ 120 candles fechados
  Preço:                     100.59000000
  RSI:                       64.43
  EMA20:                     97.96813321
  EMA50:                     97.48680704
  Momentum 4h:               +3.78%
  Volume relativo:           1.41x
  ATR:                       1.40%

  COMPONENTES DO SCORE
  -------------------------------------------------------------
  RSI:                20/20
  Tendência 1h:       25/25
  Tendência 4h:        0/20
  Momentum:            15/15
  Volume:               9/15
  -------------------------------------------------------------
  SCORE:               69/100
  Classificação:     FORTE
  Sinal:             COMPRA
  Confiança:          56%
  ✓ Concluído em 0.29s
[06/50] XRP/USDT
  Buscando OHLCV (tentativa 1/3)...
  ✓ 120 candles fechados
  Preço:                     1.40400000
  RSI:                       46.27
  EMA20:                     1.40684650
  EMA50:                     1.43336364
  Momentum 4h:               +1.78%
  Volume relativo:           0.67x
  ATR:                       1.55%

  COMPONENTES DO SCORE
  -------------------------------------------------------------
  RSI:                19/20
  Tendência 1h:        0/25
  Tendência 4h:        0/20
  Momentum:            13/15
  Volume:               4/15
  -------------------------------------------------------------
  SCORE:               36/100
  Classificação:     NEUTRO
  Sinal:             SEM SINAL
  Confiança:          12%
  ✓ Concluído em 0.31s
[07/50] USD1/USDT
  Buscando OHLCV (tentativa 1/3)...
  ✓ 120 candles fechados
  Preço:                     0.99980000
  RSI:                       50.77
  EMA20:                     0.99979193
  EMA50:                     0.99980724
  Momentum 4h:               +0.01%
  Volume relativo:           0.79x
  ATR:                       0.01%

  COMPONENTES DO SCORE
  -------------------------------------------------------------
  RSI:                20/20
  Tendência 1h:       15/25
  Tendência 4h:        0/20
  Momentum:             7/15
  Volume:               4/15
  -------------------------------------------------------------
  SCORE:               46/100
  Classificação:     MODERADO
  Sinal:             SEM SINAL
  Confiança:          24%
  ✓ Concluído em 0.29s
[08/50] ZEC/USDT
  Buscando OHLCV (tentativa 1/3)...
  ✓ 120 candles fechados
  Preço:                     802.80000000
  RSI:                       56.33
  EMA20:                     790.59608695
  EMA50:                     798.61290740
  Momentum 4h:               +2.46%
  Volume relativo:           1.23x
  ATR:                       1.88%

  COMPONENTES DO SCORE
  -------------------------------------------------------------
  RSI:                20/20
  Tendência 1h:       15/25
  Tendência 4h:        0/20
  Momentum:            15/15
  Volume:               9/15
  -------------------------------------------------------------
  SCORE:               59/100
  Classificação:     MODERADO
  Sinal:             SEM SINAL
  Confiança:          42%
  ✓ Concluído em 0.32s
[09/50] BNB/USDT
  Buscando OHLCV (tentativa 1/3)...
  ✓ 120 candles fechados
  Preço:                     703.31000000
  RSI:                       54.58
  EMA20:                     700.50341969
  EMA50:                     699.88011433
  Momentum 4h:               +0.62%
  Volume relativo:           0.80x
  ATR:                       0.70%

  COMPONENTES DO SCORE
  -------------------------------------------------------------
  RSI:                20/20
  Tendência 1h:       25/25
  Tendência 4h:        0/20
  Momentum:            10/15
  Volume:               4/15
  -------------------------------------------------------------
  SCORE:               59/100
  Classificação:     MODERADO
  Sinal:             SEM SINAL
  Confiança:          41%
  ✓ Concluído em 0.30s
[10/50] RLUSD/USDT
  Buscando OHLCV (tentativa 1/3)...
  ✓ 120 candles fechados
  Preço:                     1.00020000
  RSI:                       46.99
  EMA20:                     1.00023965
  EMA50:                     1.00027279
  Momentum 4h:               +0.00%
  Volume relativo:           0.09x
  ATR:                       0.02%

  COMPONENTES DO SCORE
  -------------------------------------------------------------
  RSI:                19/20
  Tendência 1h:        0/25
  Tendência 4h:        0/20
  Momentum:             7/15
  Volume:               0/15
  -------------------------------------------------------------
  SCORE:               26/100
  Classificação:     FRACO
  Sinal:             SEM SINAL
  Confiança:           0%
  Riscos:            VOLUME_BAIXO
  ✓ Concluído em 0.30s
[11/50] ONG/USDT
  Buscando OHLCV (tentativa 1/3)...
  ✓ 120 candles fechados
  Preço:                     0.15970000
  RSI:                       52.58
  EMA20:                     0.16045408
  EMA50:                     0.12780424
  Momentum 4h:               -13.20%
  Volume relativo:           0.95x
  ATR:                       22.86%

  COMPONENTES DO SCORE
  -------------------------------------------------------------
  RSI:                20/20
  Tendência 1h:       15/25
  Tendência 4h:        0/20
  Momentum:             0/15
  Volume:               4/15
  -------------------------------------------------------------
  SCORE:               39/100
  Classificação:     NEUTRO
  Sinal:             SEM SINAL
  Confiança:           0%
  Riscos:            MOMENTUM_NEGATIVO, VOLATILIDADE_ALTA
  ✓ Concluído em 0.29s
[12/50] DOGE/USDT
  Buscando OHLCV (tentativa 1/3)...
  ✓ 120 candles fechados
  Preço:                     0.08654000
  RSI:                       50.61
  EMA20:                     0.08618733
  EMA50:                     0.08745069
  Momentum 4h:               +1.47%
  Volume relativo:           0.95x
  ATR:                       1.26%

  COMPONENTES DO SCORE
  -------------------------------------------------------------
  RSI:                20/20
  Tendência 1h:       15/25
  Tendência 4h:        0/20
  Momentum:            13/15
  Volume:               4/15
  -------------------------------------------------------------
  SCORE:               52/100
  Classificação:     MODERADO
  Sinal:             SEM SINAL
  Confiança:          36%
  ✓ Concluído em 0.29s
[13/50] SNDKB/USDT
  Buscando OHLCV (tentativa 1/3)...
  ✓ 120 candles fechados
  Preço:                     1527.03000000
  RSI:                       57.27
  EMA20:                     1510.82067585
  EMA50:                     1507.11743133
  Momentum 4h:               -0.98%
  Volume relativo:           0.66x
  ATR:                       1.63%

  COMPONENTES DO SCORE
  -------------------------------------------------------------
  RSI:                20/20
  Tendência 1h:       25/25
  Tendência 4h:        0/20
  Momentum:             3/15
  Volume:               4/15
  -------------------------------------------------------------
  SCORE:               52/100
  Classificação:     MODERADO
  Sinal:             SEM SINAL
  Confiança:          26%
  Riscos:            MOMENTUM_NEGATIVO
  ✓ Concluído em 0.33s
[14/50] SUI/USDT
  Buscando OHLCV (tentativa 1/3)...
  ✓ 120 candles fechados
  Preço:                     0.75430000
  RSI:                       48.77
  EMA20:                     0.75242430
  EMA50:                     0.76954486
  Momentum 4h:               +1.77%
  Volume relativo:           0.83x
  ATR:                       1.62%

  COMPONENTES DO SCORE
  -------------------------------------------------------------
  RSI:                19/20
  Tendência 1h:       15/25
  Tendência 4h:        0/20
  Momentum:            13/15
  Volume:               4/15
  -------------------------------------------------------------
  SCORE:               51/100
  Classificação:     MODERADO
  Sinal:             SEM SINAL
  Confiança:          36%
  ✓ Concluído em 0.29s
[15/50] PUMP/USDT
  Buscando OHLCV (tentativa 1/3)...
  ✓ 120 candles fechados
  Preço:                     0.00482200
  RSI:                       53.68
  EMA20:                     0.00476107
  EMA50:                     0.00475935
  Momentum 4h:               +4.30%
  Volume relativo:           1.00x
  ATR:                       3.02%

  COMPONENTES DO SCORE
  -------------------------------------------------------------
  RSI:                20/20
  Tendência 1h:       25/25
  Tendência 4h:        0/20
  Momentum:            15/15
  Volume:               4/15
  -------------------------------------------------------------
  SCORE:               64/100
  Classificação:     FORTE
  Sinal:             SEM SINAL
  Confiança:          52%
  ✓ Concluído em 0.32s
[16/50] TRX/USDT
  Buscando OHLCV (tentativa 1/3)...
  ✓ 120 candles fechados
  Preço:                     0.33550000
  RSI:                       39.99
  EMA20:                     0.33624286
  EMA50:                     0.33834459
  Momentum 4h:               -0.12%
  Volume relativo:           0.59x
  ATR:                       0.27%

  COMPONENTES DO SCORE
  -------------------------------------------------------------
  RSI:                11/20
  Tendência 1h:        0/25
  Tendência 4h:        0/20
  Momentum:             3/15
  Volume:               4/15
  -------------------------------------------------------------
  SCORE:               18/100
  Classificação:     MUITO FRACO
  Sinal:             SEM SINAL
  Confiança:           0%
  Riscos:            MOMENTUM_NEGATIVO
  ✓ Concluído em 0.81s
[17/50] ENA/USDT
  Buscando OHLCV (tentativa 1/3)...
  ✓ 120 candles fechados
  Preço:                     0.14610000
  RSI:                       57.24
  EMA20:                     0.14213120
  EMA50:                     0.14560785
  Momentum 4h:               +6.02%
  Volume relativo:           1.50x
  ATR:                       2.33%

  COMPONENTES DO SCORE
  -------------------------------------------------------------
  RSI:                20/20
  Tendência 1h:       15/25
  Tendência 4h:        0/20
  Momentum:            15/15
  Volume:               9/15
  -------------------------------------------------------------
  SCORE:               59/100
  Classificação:     MODERADO
  Sinal:             SEM SINAL
  Confiança:          42%
  ✓ Concluído em 0.31s
[18/50] PYTH/USDT
  Buscando OHLCV (tentativa 1/3)...
  ✓ 120 candles fechados
  Preço:                     0.04872000
  RSI:                       41.16
  EMA20:                     0.05008570
  EMA50:                     0.05075200
  Momentum 4h:               +0.74%
  Volume relativo:           0.94x
  ATR:                       2.12%

  COMPONENTES DO SCORE
  -------------------------------------------------------------
  RSI:                15/20
  Tendência 1h:        0/25
  Tendência 4h:        0/20
  Momentum:            10/15
  Volume:               4/15
  -------------------------------------------------------------
  SCORE:               29/100
  Classificação:     FRACO
  Sinal:             SEM SINAL
  Confiança:           9%
  ✓ Concluído em 0.32s
[19/50] TRUMP/USDT
  Buscando OHLCV (tentativa 1/3)...
  ✓ 120 candles fechados
  Preço:                     2.27500000
  RSI:                       51.65
  EMA20:                     2.25505201
  EMA50:                     2.29549733
  Momentum 4h:               +1.84%
  Volume relativo:           1.11x
  ATR:                       2.69%

  COMPONENTES DO SCORE
  -------------------------------------------------------------
  RSI:                20/20
  Tendência 1h:       15/25
  Tendência 4h:        0/20
  Momentum:            13/15
  Volume:               9/15
  -------------------------------------------------------------
  SCORE:               57/100
  Classificação:     MODERADO
  Sinal:             SEM SINAL
  Confiança:          40%
  ✓ Concluído em 0.32s
[20/50] PEPE/USDT
  Buscando OHLCV (tentativa 1/3)...
  ✓ 120 candles fechados
  Preço:                     0.00000382
  RSI:                       51.50
  EMA20:                     0.00000379
  EMA50:                     0.00000387
  Momentum 4h:               +2.41%
  Volume relativo:           0.77x
  ATR:                       1.87%

  COMPONENTES DO SCORE
  -------------------------------------------------------------
  RSI:                20/20
  Tendência 1h:       15/25
  Tendência 4h:        0/20
  Momentum:            15/15
  Volume:               4/15
  -------------------------------------------------------------
  SCORE:               54/100
  Classificação:     MODERADO
  Sinal:             SEM SINAL
  Confiança:          38%
  ✓ Concluído em 0.30s
[21/50] TUT/USDT
  Buscando OHLCV (tentativa 1/3)...
  ✓ 120 candles fechados
  Preço:                     0.05081000
  RSI:                       54.99
  EMA20:                     0.04974310
  EMA50:                     0.04978774
  Momentum 4h:               -0.35%
  Volume relativo:           0.41x
  ATR:                       4.66%

  COMPONENTES DO SCORE
  -------------------------------------------------------------
  RSI:                20/20
  Tendência 1h:       15/25
  Tendência 4h:        0/20
  Momentum:             3/15
  Volume:               0/15
  -------------------------------------------------------------
  SCORE:               38/100
  Classificação:     NEUTRO
  Sinal:             SEM SINAL
  Confiança:           0%
  Riscos:            MOMENTUM_NEGATIVO, VOLUME_BAIXO
  ✓ Concluído em 0.81s
[22/50] BMT/USDT
  Buscando OHLCV (tentativa 1/3)...
  ✓ 120 candles fechados
  Preço:                     0.02124000
  RSI:                       44.88
  EMA20:                     0.02231668
  EMA50:                     0.02081572
  Momentum 4h:               -1.89%
  Volume relativo:           0.24x
  ATR:                       5.60%

  COMPONENTES DO SCORE
  -------------------------------------------------------------
  RSI:                15/20
  Tendência 1h:       15/25
  Tendência 4h:        0/20
  Momentum:             0/15
  Volume:               0/15
  -------------------------------------------------------------
  SCORE:               30/100
  Classificação:     FRACO
  Sinal:             SEM SINAL
  Confiança:           0%
  Riscos:            MOMENTUM_NEGATIVO, VOLATILIDADE_ALTA, VOLUME_BAIXO
  ✓ Concluído em 0.31s
[23/50] U/USDT
  Buscando OHLCV (tentativa 1/3)...
  ✓ 120 candles fechados
  Preço:                     0.99960000
  RSI:                       62.98
  EMA20:                     0.99943558
  EMA50:                     0.99946224
  Momentum 4h:               +0.02%
  Volume relativo:           0.69x
  ATR:                       0.01%

  COMPONENTES DO SCORE
  -------------------------------------------------------------
  RSI:                20/20
  Tendência 1h:       15/25
  Tendência 4h:        0/20
  Momentum:             7/15
  Volume:               4/15
  -------------------------------------------------------------
  SCORE:               46/100
  Classificação:     MODERADO
  Sinal:             SEM SINAL
  Confiança:          24%
  ✓ Concluído em 0.30s
[24/50] XAUT/USDT
  Buscando OHLCV (tentativa 1/3)...
  ✓ 120 candles fechados
  Preço:                     4593.18000000
  RSI:                       44.33
  EMA20:                     4601.13837441
  EMA50:                     4610.84618251
  Momentum 4h:               +0.17%
  Volume relativo:           0.53x
  ATR:                       0.33%

  COMPONENTES DO SCORE
  -------------------------------------------------------------
  RSI:                15/20
  Tendência 1h:        0/25
  Tendência 4h:        0/20
  Momentum:             7/15
  Volume:               4/15
  -------------------------------------------------------------
  SCORE:               26/100
  Classificação:     FRACO
  Sinal:             SEM SINAL
  Confiança:           6%
  ✓ Concluído em 0.29s
[25/50] LINK/USDT
  Buscando OHLCV (tentativa 1/3)...
  ✓ 120 candles fechados
  Preço:                     11.49500000
  RSI:                       55.53
  EMA20:                     11.39596864
  EMA50:                     11.43898261
  Momentum 4h:               +1.68%
  Volume relativo:           0.93x
  ATR:                       1.22%

  COMPONENTES DO SCORE
  -------------------------------------------------------------
  RSI:                20/20
  Tendência 1h:       15/25
  Tendência 4h:        0/20
  Momentum:            13/15
  Volume:               4/15
  -------------------------------------------------------------
  SCORE:               52/100
  Classificação:     MODERADO
  Sinal:             SEM SINAL
  Confiança:          36%
  ✓ Concluído em 0.31s
[26/50] NEAR/USDT
  Buscando OHLCV (tentativa 1/3)...
  ✓ 120 candles fechados
  Preço:                     1.87700000
  RSI:                       53.45
  EMA20:                     1.86090279
  EMA50:                     1.88421830
  Momentum 4h:               +2.01%
  Volume relativo:           1.28x
  ATR:                       1.39%

  COMPONENTES DO SCORE
  -------------------------------------------------------------
  RSI:                20/20
  Tendência 1h:       15/25
  Tendência 4h:        0/20
  Momentum:            15/15
  Volume:               9/15
  -------------------------------------------------------------
  SCORE:               59/100
  Classificação:     MODERADO
  Sinal:             SEM SINAL
  Confiança:          42%
  ✓ Concluído em 0.30s
[27/50] ADA/USDT
  Buscando OHLCV (tentativa 1/3)...
  ✓ 120 candles fechados
  Preço:                     0.21080000
  RSI:                       52.50
  EMA20:                     0.20920000
  EMA50:                     0.21259044
  Momentum 4h:               +2.38%
  Volume relativo:           0.76x
  ATR:                       1.43%

  COMPONENTES DO SCORE
  -------------------------------------------------------------
  RSI:                20/20
  Tendência 1h:       15/25
  Tendência 4h:        0/20
  Momentum:            15/15
  Volume:               4/15
  -------------------------------------------------------------
  SCORE:               54/100
  Classificação:     MODERADO
  Sinal:             SEM SINAL
  Confiança:          38%
  ✓ Concluído em 0.31s
[28/50] LTC/USDT
  Buscando OHLCV (tentativa 1/3)...
  ✓ 120 candles fechados
  Preço:                     49.90000000
  RSI:                       44.27
  EMA20:                     50.14708113
  EMA50:                     50.64051488
  Momentum 4h:               +0.00%
  Volume relativo:           0.48x
  ATR:                       0.93%

  COMPONENTES DO SCORE
  -------------------------------------------------------------
  RSI:                15/20
  Tendência 1h:        0/25
  Tendência 4h:        0/20
  Momentum:             7/15
  Volume:               0/15
  -------------------------------------------------------------
  SCORE:               22/100
  Classificação:     FRACO
  Sinal:             SEM SINAL
  Confiança:           0%
  Riscos:            VOLUME_BAIXO
  ✓ Concluído em 0.30s
[29/50] TAO/USDT
  Buscando OHLCV (tentativa 1/3)...
  ✓ 120 candles fechados
  Preço:                     238.40000000
  RSI:                       63.97
  EMA20:                     231.98970216
  EMA50:                     233.07973133
  Momentum 4h:               +4.29%
  Volume relativo:           1.92x
  ATR:                       1.60%

  COMPONENTES DO SCORE
  -------------------------------------------------------------
  RSI:                20/20
  Tendência 1h:       15/25
  Tendência 4h:        0/20
  Momentum:            15/15
  Volume:              12/15
  -------------------------------------------------------------
  SCORE:               62/100
  Classificação:     FORTE
  Sinal:             SEM SINAL
  Confiança:          52%
  ✓ Concluído em 0.31s
[30/50] BICO/USDT
  Buscando OHLCV (tentativa 1/3)...
  ✓ 120 candles fechados
  Preço:                     0.02677000
  RSI:                       72.87
  EMA20:                     0.02325010
  EMA50:                     0.02155143
  Momentum 4h:               +15.89%
  Volume relativo:           1.00x
  ATR:                       8.50%

  COMPONENTES DO SCORE
  -------------------------------------------------------------
  RSI:                15/20
  Tendência 1h:       25/25
  Tendência 4h:        0/20
  Momentum:            15/15
  Volume:               9/15
  -------------------------------------------------------------
  SCORE:               64/100
  Classificação:     FORTE
  Sinal:             SEM SINAL
  Confiança:          48%
  Riscos:            VOLATILIDADE_ALTA
  ✓ Concluído em 0.32s
[31/50] WLD/USDT
  Buscando OHLCV (tentativa 1/3)...
  ✓ 120 candles fechados
  Preço:                     0.40760000
  RSI:                       61.49
  EMA20:                     0.39494819
  EMA50:                     0.39528805
  Momentum 4h:               +4.59%
  Volume relativo:           2.37x
  ATR:                       2.01%

  COMPONENTES DO SCORE
  -------------------------------------------------------------
  RSI:                20/20
  Tendência 1h:       15/25
  Tendência 4h:        0/20
  Momentum:            15/15
  Volume:              15/15
  -------------------------------------------------------------
  SCORE:               65/100
  Classificação:     FORTE
  Sinal:             COMPRA
  Confiança:          55%
  ✓ Concluído em 0.30s
[32/50] ONT/USDT
  Buscando OHLCV (tentativa 1/3)...
  ✓ 120 candles fechados
  Preço:                     0.06454000
  RSI:                       63.21
  EMA20:                     0.06018630
  EMA50:                     0.05583486
  Momentum 4h:               +2.36%
  Volume relativo:           2.50x
  ATR:                       7.97%

  COMPONENTES DO SCORE
  -------------------------------------------------------------
  RSI:                20/20
  Tendência 1h:       25/25
  Tendência 4h:        0/20
  Momentum:            15/15
  Volume:              15/15
  -------------------------------------------------------------
  SCORE:               75/100
  Classificação:     MUITO FORTE
  Sinal:             COMPRA
  Confiança:          62%
  Riscos:            VOLATILIDADE_ALTA
  ✓ Concluído em 0.30s
[33/50] EDEN/USDT
  Buscando OHLCV (tentativa 1/3)...
  ✓ 120 candles fechados
  Preço:                     0.06309000
  RSI:                       55.55
  EMA20:                     0.06158268
  EMA50:                     0.05666821
  Momentum 4h:               -2.41%
  Volume relativo:           0.56x
  ATR:                       7.01%

  COMPONENTES DO SCORE
  -------------------------------------------------------------
  RSI:                20/20
  Tendência 1h:       25/25
  Tendência 4h:        0/20
  Momentum:             0/15
  Volume:               4/15
  -------------------------------------------------------------
  SCORE:               49/100
  Classificação:     MODERADO
  Sinal:             SEM SINAL
  Confiança:          12%
  Riscos:            MOMENTUM_NEGATIVO, VOLATILIDADE_ALTA
  ✓ Concluído em 0.30s
[34/50] FDUSD/USDT
  Buscando OHLCV (tentativa 1/3)...
  ✓ 120 candles fechados
  Preço:                     0.99840000
  RSI:                       41.17
  EMA20:                     0.99856540
  EMA50:                     0.99867924
  Momentum 4h:               -0.03%
  Volume relativo:           1.60x
  ATR:                       0.02%

  COMPONENTES DO SCORE
  -------------------------------------------------------------
  RSI:                15/20
  Tendência 1h:        0/25
  Tendência 4h:        0/20
  Momentum:             3/15
  Volume:              12/15
  -------------------------------------------------------------
  SCORE:               30/100
  Classificação:     FRACO
  Sinal:             SEM SINAL
  Confiança:           2%
  Riscos:            MOMENTUM_NEGATIVO
  ✓ Concluído em 0.30s
[35/50] PENGU/USDT
  Buscando OHLCV (tentativa 1/3)...
  ✓ 120 candles fechados
  Preço:                     0.00941800
  RSI:                       52.42
  EMA20:                     0.00931250
  EMA50:                     0.00941157
  Momentum 4h:               +2.72%
  Volume relativo:           0.82x
  ATR:                       2.04%

  COMPONENTES DO SCORE
  -------------------------------------------------------------
  RSI:                20/20
  Tendência 1h:       15/25
  Tendência 4h:        0/20
  Momentum:            15/15
  Volume:               4/15
  -------------------------------------------------------------
  SCORE:               54/100
  Classificação:     MODERADO
  Sinal:             SEM SINAL
  Confiança:          38%
  ✓ Concluído em 0.31s
[36/50] AAVE/USDT
  Buscando OHLCV (tentativa 1/3)...
  ✓ 120 candles fechados
  Preço:                     125.53000000
  RSI:                       48.16
  EMA20:                     125.47763349
  EMA50:                     127.42883769
  Momentum 4h:               +1.56%
  Volume relativo:           0.92x
  ATR:                       1.47%

  COMPONENTES DO SCORE
  -------------------------------------------------------------
  RSI:                19/20
  Tendência 1h:       15/25
  Tendência 4h:        0/20
  Momentum:            13/15
  Volume:               4/15
  -------------------------------------------------------------
  SCORE:               51/100
  Classificação:     MODERADO
  Sinal:             SEM SINAL
  Confiança:          36%
  ✓ Concluído em 0.29s
[37/50] POL/USDT
  Buscando OHLCV (tentativa 1/3)...
  ✓ 120 candles fechados
  Preço:                     0.10756000
  RSI:                       35.46
  EMA20:                     0.11261888
  EMA50:                     0.11511287
  Momentum 4h:               +0.55%
  Volume relativo:           1.16x
  ATR:                       2.74%

  COMPONENTES DO SCORE
  -------------------------------------------------------------
  RSI:                11/20
  Tendência 1h:        0/25
  Tendência 4h:        0/20
  Momentum:            10/15
  Volume:               9/15
  -------------------------------------------------------------
  SCORE:               30/100
  Classificação:     FRACO
  Sinal:             SEM SINAL
  Confiança:          13%
  ✓ Concluído em 0.43s
[38/50] CRCLB/USDT
  Buscando OHLCV (tentativa 1/3)...
  ✓ 120 candles fechados
  Preço:                     90.04000000
  RSI:                       49.05
  EMA20:                     90.20316512
  EMA50:                     89.99336274
  Momentum 4h:               +0.39%
  Volume relativo:           0.94x
  ATR:                       1.74%

  COMPONENTES DO SCORE
  -------------------------------------------------------------
  RSI:                19/20
  Tendência 1h:       15/25
  Tendência 4h:        0/20
  Momentum:             7/15
  Volume:               4/15
  -------------------------------------------------------------
  SCORE:               45/100
  Classificação:     MODERADO
  Sinal:             SEM SINAL
  Confiança:          24%
  ✓ Concluído em 0.34s
[39/50] UNI/USDT
  Buscando OHLCV (tentativa 1/3)...
  ✓ 120 candles fechados
  Preço:                     4.35300000
  RSI:                       57.36
  EMA20:                     4.29762917
  EMA50:                     4.30716544
  Momentum 4h:               +1.80%
  Volume relativo:           0.79x
  ATR:                       1.51%

  COMPONENTES DO SCORE
  -------------------------------------------------------------
  RSI:                20/20
  Tendência 1h:       15/25
  Tendência 4h:        0/20
  Momentum:            13/15
  Volume:               4/15
  -------------------------------------------------------------
  SCORE:               52/100
  Classificação:     MODERADO
  Sinal:             SEM SINAL
  Confiança:          36%
  ✓ Concluído em 0.42s
[40/50] SPCXB/USDT
  Buscando OHLCV (tentativa 1/3)...
  ✓ 120 candles fechados
  Preço:                     139.79000000
  RSI:                       60.39
  EMA20:                     138.68930138
  EMA50:                     137.75268855
  Momentum 4h:               +0.31%
  Volume relativo:           0.67x
  ATR:                       1.04%

  COMPONENTES DO SCORE
  -------------------------------------------------------------
  RSI:                20/20
  Tendência 1h:       25/25
  Tendência 4h:        0/20
  Momentum:             7/15
  Volume:               4/15
  -------------------------------------------------------------
  SCORE:               56/100
  Classificação:     MODERADO
  Sinal:             SEM SINAL
  Confiança:          38%
  ✓ Concluído em 0.33s
[41/50] EURI/USDT
  Buscando OHLCV (tentativa 1/3)...
  ✓ 120 candles fechados
  Preço:                     1.16540000
  RSI:                       44.40
  EMA20:                     1.16556337
  EMA50:                     1.16659290
  Momentum 4h:               +0.03%
  Volume relativo:           1.08x
  ATR:                       0.07%

  COMPONENTES DO SCORE
  -------------------------------------------------------------
  RSI:                15/20
  Tendência 1h:        0/25
  Tendência 4h:        0/20
  Momentum:             7/15
  Volume:               9/15
  -------------------------------------------------------------
  SCORE:               31/100
  Classificação:     FRACO
  Sinal:             SEM SINAL
  Confiança:          10%
  ✓ Concluído em 0.31s
[42/50] PORTAL/USDT
  Buscando OHLCV (tentativa 1/3)...
  ✓ 120 candles fechados
  Preço:                     0.01582000
  RSI:                       44.75
  EMA20:                     0.01637248
  EMA50:                     0.01609514
  Momentum 4h:               -1.98%
  Volume relativo:           0.32x
  ATR:                       3.28%

  COMPONENTES DO SCORE
  -------------------------------------------------------------
  RSI:                15/20
  Tendência 1h:        0/25
  Tendência 4h:        0/20
  Momentum:             0/15
  Volume:               0/15
  -------------------------------------------------------------
  SCORE:               15/100
  Classificação:     MUITO FRACO
  Sinal:             SEM SINAL
  Confiança:           0%
  Riscos:            MOMENTUM_NEGATIVO, VOLUME_BAIXO
  ✓ Concluído em 0.80s
[43/50] XLM/USDT
  Buscando OHLCV (tentativa 1/3)...
  ✓ 120 candles fechados
  Preço:                     0.18350000
  RSI:                       50.29
  EMA20:                     0.18262788
  EMA50:                     0.18616293
  Momentum 4h:               +2.23%
  Volume relativo:           0.87x
  ATR:                       1.23%

  COMPONENTES DO SCORE
  -------------------------------------------------------------
  RSI:                20/20
  Tendência 1h:       15/25
  Tendência 4h:        0/20
  Momentum:            15/15
  Volume:               4/15
  -------------------------------------------------------------
  SCORE:               54/100
  Classificação:     MODERADO
  Sinal:             SEM SINAL
  Confiança:          38%
  ✓ Concluído em 0.30s
[44/50] XPL/USDT
  Buscando OHLCV (tentativa 1/3)...
  ✓ 120 candles fechados
  Preço:                     0.08595000
  RSI:                       38.90
  EMA20:                     0.08759454
  EMA50:                     0.09067217
  Momentum 4h:               +0.47%
  Volume relativo:           0.60x
  ATR:                       1.95%

  COMPONENTES DO SCORE
  -------------------------------------------------------------
  RSI:                11/20
  Tendência 1h:        0/25
  Tendência 4h:        0/20
  Momentum:             7/15
  Volume:               4/15
  -------------------------------------------------------------
  SCORE:               22/100
  Classificação:     FRACO
  Sinal:             SEM SINAL
  Confiança:           6%
  ✓ Concluído em 0.29s
[45/50] HEI/USDT
  Buscando OHLCV (tentativa 1/3)...
  ✓ 120 candles fechados
  Preço:                     0.14040000
  RSI:                       49.83
  EMA20:                     0.14224150
  EMA50:                     0.13708725
  Momentum 4h:               -14.08%
  Volume relativo:           0.66x
  ATR:                       5.72%

  COMPONENTES DO SCORE
  -------------------------------------------------------------
  RSI:                19/20
  Tendência 1h:       15/25
  Tendência 4h:        0/20
  Momentum:             0/15
  Volume:               4/15
  -------------------------------------------------------------
  SCORE:               38/100
  Classificação:     NEUTRO
  Sinal:             SEM SINAL
  Confiança:           0%
  Riscos:            MOMENTUM_NEGATIVO, VOLATILIDADE_ALTA
  ✓ Concluído em 0.29s
[46/50] PROM/USDT
  Buscando OHLCV (tentativa 1/3)...
  ✓ 120 candles fechados
  Preço:                     4.37900000
  RSI:                       60.91
  EMA20:                     4.13046374
  EMA50:                     4.00724357
  Momentum 4h:               +4.36%
  Volume relativo:           1.68x
  ATR:                       3.77%

  COMPONENTES DO SCORE
  -------------------------------------------------------------
  RSI:                20/20
  Tendência 1h:       25/25
  Tendência 4h:        0/20
  Momentum:            15/15
  Volume:              12/15
  -------------------------------------------------------------
  SCORE:               72/100
  Classificação:     FORTE
  Sinal:             COMPRA
  Confiança:          67%
  ✓ Concluído em 0.30s
[47/50] EUR/USDT
  Buscando OHLCV (tentativa 1/3)...
  ✓ 120 candles fechados
  Preço:                     1.16560000
  RSI:                       45.05
  EMA20:                     1.16575829
  EMA50:                     1.16673947
  Momentum 4h:               +0.03%
  Volume relativo:           0.20x
  ATR:                       0.06%

  COMPONENTES DO SCORE
  -------------------------------------------------------------
  RSI:                19/20
  Tendência 1h:        0/25
  Tendência 4h:        0/20
  Momentum:             7/15
  Volume:               0/15
  -------------------------------------------------------------
  SCORE:               26/100
  Classificação:     FRACO
  Sinal:             SEM SINAL
  Confiança:           0%
  Riscos:            VOLUME_BAIXO
  ✓ Concluído em 0.31s
[48/50] SOXLB/USDT
  Buscando OHLCV (tentativa 1/3)...
  ✓ 120 candles fechados
  Preço:                     121.21000000
  RSI:                       59.29
  EMA20:                     118.37735638
  EMA50:                     116.85239881
  Momentum 4h:               +1.89%
  Volume relativo:           3.18x
  ATR:                       2.30%

  COMPONENTES DO SCORE
  -------------------------------------------------------------
  RSI:                20/20
  Tendência 1h:       25/25
  Tendência 4h:        0/20
  Momentum:            13/15
  Volume:              15/15
  -------------------------------------------------------------
  SCORE:               73/100
  Classificação:     FORTE
  Sinal:             COMPRA
  Confiança:          68%
  ✓ Concluído em 0.31s
[49/50] PAXG/USDT
  Buscando OHLCV (tentativa 1/3)...
  ✓ 120 candles fechados
  Preço:                     4598.87000000
  RSI:                       43.79
  EMA20:                     4608.00459794
  EMA50:                     4618.85884520
  Momentum 4h:               +0.19%
  Volume relativo:           0.75x
  ATR:                       0.36%

  COMPONENTES DO SCORE
  -------------------------------------------------------------
  RSI:                15/20
  Tendência 1h:        0/25
  Tendência 4h:        0/20
  Momentum:             7/15
  Volume:               4/15
  -------------------------------------------------------------
  SCORE:               26/100
  Classificação:     FRACO
  Sinal:             SEM SINAL
  Confiança:           6%
  ✓ Concluído em 0.30s
[50/50] AVAX/USDT
  Buscando OHLCV (tentativa 1/3)...
  ✓ 120 candles fechados
  Preço:                     7.36500000
  RSI:                       51.55
  EMA20:                     7.33598730
  EMA50:                     7.39504195
  Momentum 4h:               +1.26%
  Volume relativo:           0.61x
  ATR:                       1.12%

  COMPONENTES DO SCORE
  -------------------------------------------------------------
  RSI:                20/20
  Tendência 1h:       15/25
  Tendência 4h:        0/20
  Momentum:            13/15
  Volume:               4/15
  -------------------------------------------------------------
  SCORE:               52/100
  Classificação:     MODERADO
  Sinal:             SEM SINAL
  Confiança:          36%
  ✓ Concluído em 0.30s

========================================================================================================================
                                        RANKING DETALHADO V3
========================================================================================================================
 # MERCADO         SCORE RSI T1H T4H  MOM  VOL   ATR  RVOL  CONF CLASSIFICAÇÃO
------------------------------------------------------------------------------------------------------------------------
 1 ONT/USDT            75  20  25   0   15   15  7.97  2.50    62 MUITO FORTE
 2 SOXLB/USDT          73  20  25   0   13   15  2.30  3.18    68 FORTE
 3 PROM/USDT           72  20  25   0   15   12  3.77  1.68    67 FORTE
 4 SOL/USDT            69  20  25   0   15    9  1.40  1.41    56 FORTE
 5 WLD/USDT            65  20  15   0   15   15  2.01  2.37    55 FORTE
 6 PUMP/USDT           64  20  25   0   15    4  3.02  1.00    52 FORTE
 7 BICO/USDT           64  15  25   0   15    9  8.50  1.00    48 FORTE
 8 TAO/USDT            62  20  15   0   15   12  1.60  1.92    52 FORTE
 9 ENA/USDT            59  20  15   0   15    9  2.33  1.50    42 MODERADO
10 NEAR/USDT           59  20  15   0   15    9  1.39  1.28    42 MODERADO
11 ZEC/USDT            59  20  15   0   15    9  1.88  1.23    42 MODERADO
12 ETH/USDT            59  20  25   0   10    4  0.88  0.88    41 MODERADO
13 BNB/USDT            59  20  25   0   10    4  0.70  0.80    41 MODERADO
14 TRUMP/USDT          57  20  15   0   13    9  2.69  1.11    40 MODERADO
15 SPCXB/USDT          56  20  25   0    7    4  1.04  0.67    38 MODERADO
16 XLM/USDT            54  20  15   0   15    4  1.23  0.87    38 MODERADO
17 PENGU/USDT          54  20  15   0   15    4  2.04  0.82    38 MODERADO
18 PEPE/USDT           54  20  15   0   15    4  1.87  0.77    38 MODERADO
19 ADA/USDT            54  20  15   0   15    4  1.43  0.76    38 MODERADO
20 DOGE/USDT           52  20  15   0   13    4  1.26  0.95    36 MODERADO
21 LINK/USDT           52  20  15   0   13    4  1.22  0.93    36 MODERADO
22 UNI/USDT            52  20  15   0   13    4  1.51  0.79    36 MODERADO
23 AVAX/USDT           52  20  15   0   13    4  1.12  0.61    36 MODERADO
24 SNDKB/USDT          52  20  25   0    3    4  1.63  0.66    26 MODERADO
25 AAVE/USDT           51  19  15   0   13    4  1.47  0.92    36 MODERADO
26 SUI/USDT            51  19  15   0   13    4  1.62  0.83    36 MODERADO
27 EDEN/USDT           49  20  25   0    0    4  7.01  0.56    12 MODERADO
28 BTC/USDT            46  20  15   0    7    4  0.63  0.85    24 MODERADO
29 USD1/USDT           46  20  15   0    7    4  0.01  0.79    24 MODERADO
30 U/USDT              46  20  15   0    7    4  0.01  0.69    24 MODERADO
31 CRCLB/USDT          45  19  15   0    7    4  1.74  0.94    24 MODERADO
32 ONG/USDT            39  20  15   0    0    4 22.86  0.95     0 NEUTRO
33 HEI/USDT            38  19  15   0    0    4  5.72  0.66     0 NEUTRO
34 TUT/USDT            38  20  15   0    3    0  4.66  0.41     0 NEUTRO
35 XRP/USDT            36  19   0   0   13    4  1.55  0.67    12 NEUTRO
36 EURI/USDT           31  15   0   0    7    9  0.07  1.08    10 FRACO
37 POL/USDT            30  11   0   0   10    9  2.74  1.16    13 FRACO
38 FDUSD/USDT          30  15   0   0    3   12  0.02  1.60     2 FRACO
39 BMT/USDT            30  15  15   0    0    0  5.60  0.24     0 FRACO
40 PYTH/USDT           29  15   0   0   10    4  2.12  0.94     9 FRACO
41 PAXG/USDT           26  15   0   0    7    4  0.36  0.75     6 FRACO
42 XAUT/USDT           26  15   0   0    7    4  0.33  0.53     6 FRACO
43 EUR/USDT            26  19   0   0    7    0  0.06  0.20     0 FRACO
44 RLUSD/USDT          26  19   0   0    7    0  0.02  0.09     0 FRACO
45 XPL/USDT            22  11   0   0    7    4  1.95  0.60     6 FRACO
46 LTC/USDT            22  15   0   0    7    0  0.93  0.48     0 FRACO
47 TRX/USDT            18  11   0   0    3    4  0.27  0.59     0 MUITO FRACO
48 USDC/USDT           18  15   0   0    3    0  0.01  0.43     0 MUITO FRACO
49 PORTAL/USDT         15  15   0   0    0    0  3.28  0.32     0 MUITO FRACO
50 RE/USDT             14  11   0   0    3    0  1.91  0.04     0 MUITO FRACO
========================================================================================================================

======================================================================
                         TOP 10 V3
======================================================================
 1. ONT/USDT         75/100 MUITO FORTE     CONF  62% COMPRA
 2. SOXLB/USDT       73/100 FORTE           CONF  68% COMPRA
 3. PROM/USDT        72/100 FORTE           CONF  67% COMPRA
 4. SOL/USDT         69/100 FORTE           CONF  56% COMPRA
 5. WLD/USDT         65/100 FORTE           CONF  55% COMPRA
 6. PUMP/USDT        64/100 FORTE           CONF  52% SEM SINAL
 7. BICO/USDT        64/100 FORTE           CONF  48% SEM SINAL
 8. TAO/USDT         62/100 FORTE           CONF  52% SEM SINAL
 9. ENA/USDT         59/100 MODERADO        CONF  42% SEM SINAL
10. NEAR/USDT        59/100 MODERADO        CONF  42% SEM SINAL
======================================================================

======================================================================
                        SINAIS V3
======================================================================
 1. SOXLB/USDT      SCORE  73  CONF  68%  COMPRA
 2. PROM/USDT       SCORE  72  CONF  67%  COMPRA
======================================================================

Salvando análises V3 no banco...
✓ 50 análises V3 salvas

======================================================================
                        RESUMO V3
======================================================================
Mercados selecionados: 50
Análises concluídas:   50
Análises salvas:       50
Erros/avisos:          0
Tempo total:           38.97s
Banco:                 /home/alex/projetos/crypto-radar/data/crypto_radar.db
Tabela V3:             scanner_v3_results
======================================================================
