[2026-08-27T02:10:55.462473+00:00] CICLO V9.21 iniciado
[2026-08-27T02:10:55.462717+00:00] INÍCIO SCANNER_V3: scanner_v3.py
[2026-08-27T02:11:28.063443+00:00] FIM SCANNER_V3: rc=0
[2026-08-27T02:11:28.063789+00:00] INÍCIO ADAPTER_V9.20: scanner_v3_to_v9.py
[2026-08-27T02:11:28.170445+00:00] FIM ADAPTER_V9.20: rc=0
[2026-08-27T02:11:28.172213+00:00] PREFLIGHT: OK - 9 sinais acionáveis sem duplicidade
[2026-08-27T02:11:28.172411+00:00] INÍCIO MONITOR_CLOSE_V9.18: paper_trading_v9_18.py
[2026-08-27T02:11:38.244627+00:00] FIM MONITOR_CLOSE_V9.18: rc=0
[2026-08-27T02:11:38.245391+00:00] PREFLIGHT_PÓS_MONITOR: OK - 9 sinais acionáveis sem duplicidade
[2026-08-27T02:11:38.245581+00:00] INÍCIO EXECUTOR_V9.17: paper_trading_v9_17.py
[2026-08-27T02:11:45.593432+00:00] FIM EXECUTOR_V9.17: rc=0
[2026-08-27T02:11:45.593730+00:00] INÍCIO AUDITORIA_V9.19: paper_trading_v9_19.py
[2026-08-27T02:11:45.654738+00:00] FIM AUDITORIA_V9.19: rc=0
[2026-08-27T02:11:45.654978+00:00] CICLO V9.21 concluído com sucesso.
[2026-08-27T02:18:58.968598+00:00] CICLO V9.21 iniciado
[2026-08-27T02:18:58.968744+00:00] INÍCIO SCANNER_V3: scanner_v3.py
[2026-08-27T02:19:31.693385+00:00] FIM SCANNER_V3: rc=0
[2026-08-27T02:19:31.693694+00:00] INÍCIO ADAPTER_V9.20: scanner_v3_to_v9.py
[2026-08-27T02:19:31.763623+00:00] FIM ADAPTER_V9.20: rc=0
[2026-08-27T02:19:31.768335+00:00] PREFLIGHT: OK - 4 sinais acionáveis sem duplicidade
[2026-08-27T02:19:31.768535+00:00] INÍCIO MONITOR_CLOSE_V9.18: paper_trading_v9_18.py
[2026-08-27T02:19:35.994085+00:00] FIM MONITOR_CLOSE_V9.18: rc=0
[2026-08-27T02:19:35.995198+00:00] PREFLIGHT_PÓS_MONITOR: OK - 4 sinais acionáveis sem duplicidade
[2026-08-27T02:19:35.995485+00:00] INÍCIO EXECUTOR_V9.17: paper_trading_v9_17.py
[2026-08-27T02:19:42.538149+00:00] FIM EXECUTOR_V9.17: rc=0
[2026-08-27T02:19:42.538438+00:00] INÍCIO AUDITORIA_V9.19: paper_trading_v9_19.py
[2026-08-27T02:19:42.576920+00:00] FIM AUDITORIA_V9.19: rc=0
[2026-08-27T02:19:42.577136+00:00] CICLO V9.21 concluído com sucesso.
[2026-08-27T02:25:01.092636+00:00] CICLO V9.21 iniciado
[2026-08-27T02:25:01.092769+00:00] INÍCIO SCANNER_V3: scanner_v3.py
[2026-08-27T02:25:29.312497+00:00] FIM SCANNER_V3: rc=0
[2026-08-27T02:25:29.312846+00:00] INÍCIO ADAPTER_V9.20: scanner_v3_to_v9.py
[2026-08-27T02:25:29.383613+00:00] FIM ADAPTER_V9.20: rc=0
[2026-08-27T02:25:29.385005+00:00] PREFLIGHT: OK - 4 sinais acionáveis sem duplicidade
[2026-08-27T02:25:29.385141+00:00] INÍCIO MONITOR_CLOSE_V9.18: paper_trading_v9_18.py
[2026-08-27T02:25:34.197118+00:00] FIM MONITOR_CLOSE_V9.18: rc=0
[2026-08-27T02:25:34.199896+00:00] PREFLIGHT_PÓS_MONITOR: OK - 4 sinais acionáveis sem duplicidade
[2026-08-27T02:25:34.200106+00:00] INÍCIO EXECUTOR_V9.17: paper_trading_v9_17.py
[2026-08-27T02:25:46.462725+00:00] FIM EXECUTOR_V9.17: rc=0
[2026-08-27T02:25:46.462950+00:00] INÍCIO AUDITORIA_V9.19: paper_trading_v9_19.py
[2026-08-27T02:25:46.503547+00:00] FIM AUDITORIA_V9.19: rc=0
[2026-08-27T02:25:46.503765+00:00] CICLO V9.21 concluído com sucesso.
[2026-08-27T03:25:01.630058+00:00] CICLO V9.21 iniciado
[2026-08-27T03:25:01.630198+00:00] INÍCIO SCANNER_V3: scanner_v3.py
[2026-08-27T03:25:29.628128+00:00] FIM SCANNER_V3: rc=0
[2026-08-27T03:25:29.628692+00:00] INÍCIO ADAPTER_V9.20: scanner_v3_to_v9.py
[2026-08-27T03:25:29.710250+00:00] FIM ADAPTER_V9.20: rc=0
[2026-08-27T03:25:29.712553+00:00] PREFLIGHT: OK - 7 sinais acionáveis sem duplicidade
[2026-08-27T03:25:29.712782+00:00] INÍCIO MONITOR_CLOSE_V9.18: paper_trading_v9_18.py
[2026-08-27T03:25:33.805089+00:00] FIM MONITOR_CLOSE_V9.18: rc=0
[2026-08-27T03:25:33.806402+00:00] PREFLIGHT_PÓS_MONITOR: BLOQUEADO - SINAIS ACIONÁVEIS DUPLICADOS:
  - ONT/USDT 2026-08-27T00:00:00+00:00 1h -> 20260827014214_003, 20260827000000+0000_2bebac6d5a
[2026-08-27T04:25:01.937767+00:00] CICLO V9.21 iniciado
[2026-08-27T04:25:01.937902+00:00] INÍCIO SCANNER_V3: scanner_v3.py
[2026-08-27T04:25:29.179243+00:00] FIM SCANNER_V3: rc=0
[2026-08-27T04:25:29.179527+00:00] INÍCIO ADAPTER_V9.20: scanner_v3_to_v9.py
[2026-08-27T04:25:29.252236+00:00] FIM ADAPTER_V9.20: rc=0
[2026-08-27T04:25:29.254711+00:00] PREFLIGHT: BLOQUEADO - SINAIS ACIONÁVEIS DUPLICADOS:
  - ONT/USDT 2026-08-27T00:00:00+00:00 1h -> 20260827014214_003, 20260827000000+0000_2bebac6d5a
[2026-08-27T04:25:29.254930+00:00] ABORTADO antes do V9.17 por segurança.
[2026-08-27T05:25:01.368082+00:00] CICLO V9.21 iniciado
[2026-08-27T05:25:01.368208+00:00] INÍCIO SCANNER_V3: scanner_v3.py
[2026-08-27T05:25:34.029714+00:00] FIM SCANNER_V3: rc=0
[2026-08-27T05:25:34.030024+00:00] INÍCIO ADAPTER_V9.20: scanner_v3_to_v9.py
[2026-08-27T05:25:34.102343+00:00] FIM ADAPTER_V9.20: rc=0
[2026-08-27T05:25:34.104215+00:00] PREFLIGHT: BLOQUEADO - SINAIS ACIONÁVEIS DUPLICADOS:
  - ONT/USDT 2026-08-27T00:00:00+00:00 1h -> 20260827014214_003, 20260827000000+0000_2bebac6d5a
[2026-08-27T05:25:34.104387+00:00] ABORTADO antes do V9.17 por segurança.
[2026-08-27T06:25:01.230878+00:00] CICLO V9.21 iniciado
[2026-08-27T06:25:01.230998+00:00] INÍCIO SCANNER_V3: scanner_v3.py
[2026-08-27T06:25:28.124392+00:00] FIM SCANNER_V3: rc=0
[2026-08-27T06:25:28.124659+00:00] INÍCIO ADAPTER_V9.20: scanner_v3_to_v9.py
[2026-08-27T06:25:28.198997+00:00] FIM ADAPTER_V9.20: rc=0
[2026-08-27T06:25:28.201060+00:00] PREFLIGHT: BLOQUEADO - SINAIS ACIONÁVEIS DUPLICADOS:
  - ONT/USDT 2026-08-27T00:00:00+00:00 1h -> 20260827014214_003, 20260827000000+0000_2bebac6d5a
[2026-08-27T06:25:28.201213+00:00] ABORTADO antes do V9.17 por segurança.
[2026-08-27T07:25:01.314876+00:00] CICLO V9.21 iniciado
[2026-08-27T07:25:01.314997+00:00] INÍCIO SCANNER_V3: scanner_v3.py
[2026-08-27T07:25:30.067780+00:00] FIM SCANNER_V3: rc=0
[2026-08-27T07:25:30.068048+00:00] INÍCIO ADAPTER_V9.20: scanner_v3_to_v9.py
[2026-08-27T07:25:30.142219+00:00] FIM ADAPTER_V9.20: rc=0
[2026-08-27T07:25:30.144020+00:00] PREFLIGHT: BLOQUEADO - SINAIS ACIONÁVEIS DUPLICADOS:
  - ONT/USDT 2026-08-27T00:00:00+00:00 1h -> 20260827014214_003, 20260827000000+0000_2bebac6d5a
[2026-08-27T07:25:30.144157+00:00] ABORTADO antes do V9.17 por segurança.
[2026-08-27T08:25:01.254775+00:00] CICLO V9.21 iniciado
[2026-08-27T08:25:01.254990+00:00] INÍCIO SCANNER_V3: scanner_v3.py
[2026-08-27T08:25:28.210728+00:00] FIM SCANNER_V3: rc=0
[2026-08-27T08:25:28.210989+00:00] INÍCIO ADAPTER_V9.20: scanner_v3_to_v9.py
[2026-08-27T08:25:28.286279+00:00] FIM ADAPTER_V9.20: rc=0
[2026-08-27T08:25:28.288361+00:00] PREFLIGHT: BLOQUEADO - SINAIS ACIONÁVEIS DUPLICADOS:
  - ONT/USDT 2026-08-27T00:00:00+00:00 1h -> 20260827014214_003, 20260827000000+0000_2bebac6d5a
[2026-08-27T08:25:28.288529+00:00] ABORTADO antes do V9.17 por segurança.
[2026-08-27T09:25:01.402775+00:00] CICLO V9.21 iniciado
[2026-08-27T09:25:01.402963+00:00] INÍCIO SCANNER_V3: scanner_v3.py
[2026-08-27T09:25:28.432090+00:00] FIM SCANNER_V3: rc=0
[2026-08-27T09:25:28.432388+00:00] INÍCIO ADAPTER_V9.20: scanner_v3_to_v9.py
[2026-08-27T09:25:28.506928+00:00] FIM ADAPTER_V9.20: rc=0
[2026-08-27T09:25:28.508578+00:00] PREFLIGHT: BLOQUEADO - SINAIS ACIONÁVEIS DUPLICADOS:
  - ONT/USDT 2026-08-27T00:00:00+00:00 1h -> 20260827014214_003, 20260827000000+0000_2bebac6d5a
[2026-08-27T09:25:28.508688+00:00] ABORTADO antes do V9.17 por segurança.
[2026-08-27T10:25:01.624231+00:00] CICLO V9.21 iniciado
[2026-08-27T10:25:01.624368+00:00] INÍCIO SCANNER_V3: scanner_v3.py
[2026-08-27T10:25:31.002142+00:00] FIM SCANNER_V3: rc=0
[2026-08-27T10:25:31.002499+00:00] INÍCIO ADAPTER_V9.20: scanner_v3_to_v9.py
[2026-08-27T10:25:31.079632+00:00] FIM ADAPTER_V9.20: rc=0
[2026-08-27T10:25:31.084223+00:00] PREFLIGHT: BLOQUEADO - SINAIS ACIONÁVEIS DUPLICADOS:
  - ONT/USDT 2026-08-27T00:00:00+00:00 1h -> 20260827014214_003, 20260827000000+0000_2bebac6d5a
[2026-08-27T10:25:31.084635+00:00] ABORTADO antes do V9.17 por segurança.
[2026-08-27T11:25:01.207515+00:00] CICLO V9.21 iniciado
[2026-08-27T11:25:01.207681+00:00] INÍCIO SCANNER_V3: scanner_v3.py
[2026-08-27T11:25:28.778495+00:00] FIM SCANNER_V3: rc=0
[2026-08-27T11:25:28.778860+00:00] INÍCIO ADAPTER_V9.20: scanner_v3_to_v9.py
[2026-08-27T11:25:28.859450+00:00] FIM ADAPTER_V9.20: rc=0
[2026-08-27T11:25:28.863278+00:00] PREFLIGHT: BLOQUEADO - SINAIS ACIONÁVEIS DUPLICADOS:
  - ONT/USDT 2026-08-27T00:00:00+00:00 1h -> 20260827014214_003, 20260827000000+0000_2bebac6d5a
[2026-08-27T11:25:28.863520+00:00] ABORTADO antes do V9.17 por segurança.
[2026-08-27T12:25:01.992965+00:00] CICLO V9.21 iniciado
[2026-08-27T12:25:01.993108+00:00] INÍCIO SCANNER_V3: scanner_v3.py
[2026-08-27T12:25:30.585867+00:00] FIM SCANNER_V3: rc=0
[2026-08-27T12:25:30.586135+00:00] INÍCIO ADAPTER_V9.20: scanner_v3_to_v9.py
[2026-08-27T12:25:30.660241+00:00] FIM ADAPTER_V9.20: rc=0
[2026-08-27T12:25:30.662537+00:00] PREFLIGHT: BLOQUEADO - SINAIS ACIONÁVEIS DUPLICADOS:
  - ONT/USDT 2026-08-27T00:00:00+00:00 1h -> 20260827014214_003, 20260827000000+0000_2bebac6d5a
[2026-08-27T12:25:30.662677+00:00] ABORTADO antes do V9.17 por segurança.
[2026-08-27T13:25:01.799905+00:00] CICLO V9.21 iniciado
[2026-08-27T13:25:01.800031+00:00] INÍCIO SCANNER_V3: scanner_v3.py
[2026-08-27T13:25:28.801311+00:00] FIM SCANNER_V3: rc=0
[2026-08-27T13:25:28.801624+00:00] INÍCIO ADAPTER_V9.20: scanner_v3_to_v9.py
[2026-08-27T13:25:28.876924+00:00] FIM ADAPTER_V9.20: rc=0
[2026-08-27T13:25:28.879615+00:00] PREFLIGHT: BLOQUEADO - SINAIS ACIONÁVEIS DUPLICADOS:
  - ONT/USDT 2026-08-27T00:00:00+00:00 1h -> 20260827014214_003, 20260827000000+0000_2bebac6d5a
[2026-08-27T13:25:28.879738+00:00] ABORTADO antes do V9.17 por segurança.
[2026-08-27T14:25:02.010755+00:00] CICLO V9.21 iniciado
[2026-08-27T14:25:02.010970+00:00] INÍCIO SCANNER_V3: scanner_v3.py
[2026-08-27T14:25:29.174088+00:00] FIM SCANNER_V3: rc=0
[2026-08-27T14:25:29.174375+00:00] INÍCIO ADAPTER_V9.20: scanner_v3_to_v9.py
[2026-08-27T14:25:29.251644+00:00] FIM ADAPTER_V9.20: rc=0
[2026-08-27T14:25:29.253997+00:00] PREFLIGHT: BLOQUEADO - SINAIS ACIONÁVEIS DUPLICADOS:
  - ONT/USDT 2026-08-27T00:00:00+00:00 1h -> 20260827014214_003, 20260827000000+0000_2bebac6d5a
[2026-08-27T14:25:29.254147+00:00] ABORTADO antes do V9.17 por segurança.
[2026-08-27T15:25:01.379997+00:00] CICLO V9.21 iniciado
[2026-08-27T15:25:01.380124+00:00] INÍCIO SCANNER_V3: scanner_v3.py
[2026-08-27T15:25:31.565457+00:00] FIM SCANNER_V3: rc=0
[2026-08-27T15:25:31.565733+00:00] INÍCIO ADAPTER_V9.20: scanner_v3_to_v9.py
[2026-08-27T15:25:31.650757+00:00] FIM ADAPTER_V9.20: rc=0
[2026-08-27T15:25:31.654076+00:00] PREFLIGHT: BLOQUEADO - SINAIS ACIONÁVEIS DUPLICADOS:
  - ONT/USDT 2026-08-27T00:00:00+00:00 1h -> 20260827014214_003, 20260827000000+0000_2bebac6d5a
[2026-08-27T15:25:31.654318+00:00] ABORTADO antes do V9.17 por segurança.
[2026-08-27T16:25:01.788475+00:00] CICLO V9.21 iniciado
[2026-08-27T16:25:01.788594+00:00] INÍCIO SCANNER_V3: scanner_v3.py
[2026-08-27T16:25:29.065080+00:00] FIM SCANNER_V3: rc=0
[2026-08-27T16:25:29.065376+00:00] INÍCIO ADAPTER_V9.20: scanner_v3_to_v9.py
[2026-08-27T16:25:29.135768+00:00] FIM ADAPTER_V9.20: rc=0
[2026-08-27T16:25:29.138043+00:00] PREFLIGHT: BLOQUEADO - SINAIS ACIONÁVEIS DUPLICADOS:
  - ONT/USDT 2026-08-27T00:00:00+00:00 1h -> 20260827014214_003, 20260827000000+0000_2bebac6d5a
[2026-08-27T16:25:29.138163+00:00] ABORTADO antes do V9.17 por segurança.
[2026-08-27T17:25:01.264109+00:00] CICLO V9.21 iniciado
[2026-08-27T17:25:01.264237+00:00] INÍCIO SCANNER_V3: scanner_v3.py
[2026-08-27T17:25:33.681438+00:00] FIM SCANNER_V3: rc=0
[2026-08-27T17:25:33.681929+00:00] INÍCIO ADAPTER_V9.20: scanner_v3_to_v9.py
[2026-08-27T17:25:33.761540+00:00] FIM ADAPTER_V9.20: rc=0
[2026-08-27T17:25:33.763929+00:00] PREFLIGHT: BLOQUEADO - SINAIS ACIONÁVEIS DUPLICADOS:
  - ONT/USDT 2026-08-27T00:00:00+00:00 1h -> 20260827014214_003, 20260827000000+0000_2bebac6d5a
[2026-08-27T17:25:33.764063+00:00] ABORTADO antes do V9.17 por segurança.
[2026-08-27T23:25:02.035208+00:00] CICLO V9.21 iniciado
[2026-08-27T23:25:02.035957+00:00] INÍCIO SCANNER_V3: scanner_v3.py
[2026-08-27T23:25:38.701386+00:00] FIM SCANNER_V3: rc=0
[2026-08-27T23:25:38.701815+00:00] INÍCIO ADAPTER_V9.20: scanner_v3_to_v9.py
[2026-08-27T23:25:38.900492+00:00] FIM ADAPTER_V9.20: rc=0
[2026-08-27T23:25:38.905872+00:00] PREFLIGHT: BLOQUEADO - SINAIS ACIONÁVEIS DUPLICADOS:
  - ONT/USDT 2026-08-27T00:00:00+00:00 1h -> 20260827014214_003, 20260827000000+0000_2bebac6d5a
[2026-08-27T23:25:38.906246+00:00] ABORTADO antes do V9.17 por segurança.
[2026-08-28T00:25:02.032828+00:00] CICLO V9.21 iniciado
[2026-08-28T00:25:02.033022+00:00] INÍCIO SCANNER_V3: scanner_v3.py
[2026-08-28T00:25:32.724055+00:00] FIM SCANNER_V3: rc=0
[2026-08-28T00:25:32.724433+00:00] INÍCIO ADAPTER_V9.20: scanner_v3_to_v9.py
[2026-08-28T00:25:32.797594+00:00] FIM ADAPTER_V9.20: rc=0
[2026-08-28T00:25:32.801735+00:00] PREFLIGHT: BLOQUEADO - SINAIS ACIONÁVEIS DUPLICADOS:
  - ONT/USDT 2026-08-27T00:00:00+00:00 1h -> 20260827014214_003, 20260827000000+0000_2bebac6d5a
[2026-08-28T00:25:32.801980+00:00] ABORTADO antes do V9.17 por segurança.
[2026-08-28T01:25:01.982359+00:00] CICLO V9.21 iniciado
[2026-08-28T01:25:01.983331+00:00] INÍCIO SCANNER_V3: scanner_v3.py
[2026-08-28T01:25:35.307525+00:00] FIM SCANNER_V3: rc=0
[2026-08-28T01:25:35.307869+00:00] INÍCIO ADAPTER_V9.20: scanner_v3_to_v9.py
[2026-08-28T01:25:35.511298+00:00] FIM ADAPTER_V9.20: rc=0
[2026-08-28T01:25:35.517975+00:00] PREFLIGHT: BLOQUEADO - SINAIS ACIONÁVEIS DUPLICADOS:
  - ONT/USDT 2026-08-27T00:00:00+00:00 1h -> 20260827014214_003, 20260827000000+0000_2bebac6d5a
[2026-08-28T01:25:35.518394+00:00] ABORTADO antes do V9.17 por segurança.
[2026-08-28T02:25:01.692822+00:00] CICLO V9.21 iniciado
[2026-08-28T02:25:01.693749+00:00] INÍCIO SCANNER_V3: scanner_v3.py
[2026-08-28T02:25:35.375252+00:00] FIM SCANNER_V3: rc=0
[2026-08-28T02:25:35.375536+00:00] INÍCIO ADAPTER_V9.20: scanner_v3_to_v9.py
[2026-08-28T02:25:35.530226+00:00] FIM ADAPTER_V9.20: rc=0
[2026-08-28T02:25:35.534820+00:00] PREFLIGHT: BLOQUEADO - SINAIS ACIONÁVEIS DUPLICADOS:
  - ONT/USDT 2026-08-27T00:00:00+00:00 1h -> 20260827014214_003, 20260827000000+0000_2bebac6d5a
[2026-08-28T02:25:35.534956+00:00] ABORTADO antes do V9.17 por segurança.
[2026-08-28T11:25:01.588750+00:00] CICLO V9.21 iniciado
[2026-08-28T11:25:01.589787+00:00] INÍCIO SCANNER_V3: scanner_v3.py
[2026-08-28T11:25:30.913069+00:00] FIM SCANNER_V3: rc=0
[2026-08-28T11:25:30.913402+00:00] INÍCIO ADAPTER_V9.20: scanner_v3_to_v9.py
[2026-08-28T11:25:31.066780+00:00] FIM ADAPTER_V9.20: rc=0
[2026-08-28T11:25:31.069777+00:00] PREFLIGHT: BLOQUEADO - SINAIS ACIONÁVEIS DUPLICADOS:
  - ONT/USDT 2026-08-27T00:00:00+00:00 1h -> 20260827014214_003, 20260827000000+0000_2bebac6d5a
[2026-08-28T11:25:31.069887+00:00] ABORTADO antes do V9.17 por segurança.
[2026-08-28T12:25:01.193224+00:00] CICLO V9.21 iniciado
[2026-08-28T12:25:01.193472+00:00] INÍCIO SCANNER_V3: scanner_v3.py
[2026-08-28T12:25:29.120851+00:00] FIM SCANNER_V3: rc=0
[2026-08-28T12:25:29.121126+00:00] INÍCIO ADAPTER_V9.20: scanner_v3_to_v9.py
[2026-08-28T12:25:29.193685+00:00] FIM ADAPTER_V9.20: rc=0
[2026-08-28T12:25:29.196671+00:00] PREFLIGHT: BLOQUEADO - SINAIS ACIONÁVEIS DUPLICADOS:
  - ONT/USDT 2026-08-27T00:00:00+00:00 1h -> 20260827014214_003, 20260827000000+0000_2bebac6d5a
[2026-08-28T12:25:29.196863+00:00] ABORTADO antes do V9.17 por segurança.
[2026-08-28T13:25:01.317254+00:00] CICLO V9.21 iniciado
[2026-08-28T13:25:01.317375+00:00] INÍCIO SCANNER_V3: scanner_v3.py
[2026-08-28T13:25:14.488443+00:00] FIM SCANNER_V3: rc=0
[2026-08-28T13:25:14.488759+00:00] INÍCIO ADAPTER_V9.20: scanner_v3_to_v9.py
[2026-08-28T13:25:14.561492+00:00] FIM ADAPTER_V9.20: rc=0
[2026-08-28T13:25:14.564294+00:00] PREFLIGHT: BLOQUEADO - SINAIS ACIONÁVEIS DUPLICADOS:
  - ONT/USDT 2026-08-27T00:00:00+00:00 1h -> 20260827014214_003, 20260827000000+0000_2bebac6d5a
[2026-08-28T13:25:14.564419+00:00] ABORTADO antes do V9.17 por segurança.
[2026-08-28T14:25:01.688688+00:00] CICLO V9.21 iniciado
[2026-08-28T14:25:01.688822+00:00] INÍCIO SCANNER_V3: scanner_v3.py
[2026-08-28T14:25:30.885766+00:00] FIM SCANNER_V3: rc=0
[2026-08-28T14:25:30.886044+00:00] INÍCIO ADAPTER_V9.20: scanner_v3_to_v9.py
[2026-08-28T14:25:30.959651+00:00] FIM ADAPTER_V9.20: rc=0
[2026-08-28T14:25:30.962732+00:00] PREFLIGHT: BLOQUEADO - SINAIS ACIONÁVEIS DUPLICADOS:
  - ONT/USDT 2026-08-27T00:00:00+00:00 1h -> 20260827014214_003, 20260827000000+0000_2bebac6d5a
[2026-08-28T14:25:30.963003+00:00] ABORTADO antes do V9.17 por segurança.
[2026-08-28T15:25:01.088373+00:00] CICLO V9.21 iniciado
[2026-08-28T15:25:01.088494+00:00] INÍCIO SCANNER_V3: scanner_v3.py
[2026-08-28T15:25:33.055577+00:00] FIM SCANNER_V3: rc=0
[2026-08-28T15:25:33.055845+00:00] INÍCIO ADAPTER_V9.20: scanner_v3_to_v9.py
[2026-08-28T15:25:33.128298+00:00] FIM ADAPTER_V9.20: rc=0
[2026-08-28T15:25:33.131315+00:00] PREFLIGHT: BLOQUEADO - SINAIS ACIONÁVEIS DUPLICADOS:
  - ONT/USDT 2026-08-27T00:00:00+00:00 1h -> 20260827014214_003, 20260827000000+0000_2bebac6d5a
[2026-08-28T15:25:33.131453+00:00] ABORTADO antes do V9.17 por segurança.
[2026-08-28T16:25:01.256523+00:00] CICLO V9.21 iniciado
[2026-08-28T16:25:01.256641+00:00] INÍCIO SCANNER_V3: scanner_v3.py
[2026-08-28T16:25:31.402620+00:00] FIM SCANNER_V3: rc=0
[2026-08-28T16:25:31.402924+00:00] INÍCIO ADAPTER_V9.20: scanner_v3_to_v9.py
[2026-08-28T16:25:31.475955+00:00] FIM ADAPTER_V9.20: rc=0
[2026-08-28T16:25:31.478789+00:00] PREFLIGHT: BLOQUEADO - SINAIS ACIONÁVEIS DUPLICADOS:
  - ONT/USDT 2026-08-27T00:00:00+00:00 1h -> 20260827014214_003, 20260827000000+0000_2bebac6d5a
[2026-08-28T16:25:31.478931+00:00] ABORTADO antes do V9.17 por segurança.
[2026-08-28T17:25:01.600295+00:00] CICLO V9.21 iniciado
[2026-08-28T17:25:01.600415+00:00] INÍCIO SCANNER_V3: scanner_v3.py
[2026-08-28T17:25:41.868213+00:00] FIM SCANNER_V3: rc=0
[2026-08-28T17:25:41.868539+00:00] INÍCIO ADAPTER_V9.20: scanner_v3_to_v9.py
[2026-08-28T17:25:41.937759+00:00] FIM ADAPTER_V9.20: rc=0
[2026-08-28T17:25:41.940949+00:00] PREFLIGHT: BLOQUEADO - SINAIS ACIONÁVEIS DUPLICADOS:
  - ONT/USDT 2026-08-27T00:00:00+00:00 1h -> 20260827014214_003, 20260827000000+0000_2bebac6d5a
[2026-08-28T17:25:41.941118+00:00] ABORTADO antes do V9.17 por segurança.
[2026-08-28T18:25:01.062625+00:00] CICLO V9.21 iniciado
[2026-08-28T18:25:01.062744+00:00] INÍCIO SCANNER_V3: scanner_v3.py
[2026-08-28T18:25:30.022298+00:00] FIM SCANNER_V3: rc=0
[2026-08-28T18:25:30.022574+00:00] INÍCIO ADAPTER_V9.20: scanner_v3_to_v9.py
[2026-08-28T18:25:30.095745+00:00] FIM ADAPTER_V9.20: rc=0
[2026-08-28T18:25:30.099202+00:00] PREFLIGHT: BLOQUEADO - SINAIS ACIONÁVEIS DUPLICADOS:
  - ONT/USDT 2026-08-27T00:00:00+00:00 1h -> 20260827014214_003, 20260827000000+0000_2bebac6d5a
[2026-08-28T18:25:30.099413+00:00] ABORTADO antes do V9.17 por segurança.
[2026-08-28T19:25:01.224157+00:00] CICLO V9.21 iniciado
[2026-08-28T19:25:01.224311+00:00] INÍCIO SCANNER_V3: scanner_v3.py
[2026-08-28T19:25:28.853528+00:00] FIM SCANNER_V3: rc=0
[2026-08-28T19:25:28.853818+00:00] INÍCIO ADAPTER_V9.20: scanner_v3_to_v9.py
[2026-08-28T19:25:28.929234+00:00] FIM ADAPTER_V9.20: rc=0
[2026-08-28T19:25:28.931349+00:00] PREFLIGHT: BLOQUEADO - SINAIS ACIONÁVEIS DUPLICADOS:
  - ONT/USDT 2026-08-27T00:00:00+00:00 1h -> 20260827014214_003, 20260827000000+0000_2bebac6d5a
[2026-08-28T19:25:28.931453+00:00] ABORTADO antes do V9.17 por segurança.
[2026-08-28T20:25:01.068196+00:00] CICLO V9.21 iniciado
[2026-08-28T20:25:01.068981+00:00] INÍCIO SCANNER_V3: scanner_v3.py
[2026-08-28T20:25:11.553042+00:00] FIM SCANNER_V3: rc=0
[2026-08-28T20:25:11.553343+00:00] INÍCIO ADAPTER_V9.20: scanner_v3_to_v9.py
[2026-08-28T20:25:11.635435+00:00] FIM ADAPTER_V9.20: rc=0
[2026-08-28T20:25:11.639137+00:00] PREFLIGHT: BLOQUEADO - SINAIS ACIONÁVEIS DUPLICADOS:
  - ONT/USDT 2026-08-27T00:00:00+00:00 1h -> 20260827014214_003, 20260827000000+0000_2bebac6d5a
[2026-08-28T20:25:11.639362+00:00] ABORTADO antes do V9.17 por segurança.
[2026-08-28T21:25:01.761004+00:00] CICLO V9.21 iniciado
[2026-08-28T21:25:01.761127+00:00] INÍCIO SCANNER_V3: scanner_v3.py
[2026-08-28T21:25:28.666971+00:00] FIM SCANNER_V3: rc=0
[2026-08-28T21:25:28.667226+00:00] INÍCIO ADAPTER_V9.20: scanner_v3_to_v9.py
[2026-08-28T21:25:28.740779+00:00] FIM ADAPTER_V9.20: rc=0
[2026-08-28T21:25:28.743498+00:00] PREFLIGHT: BLOQUEADO - SINAIS ACIONÁVEIS DUPLICADOS:
  - ONT/USDT 2026-08-27T00:00:00+00:00 1h -> 20260827014214_003, 20260827000000+0000_2bebac6d5a
[2026-08-28T21:25:28.743646+00:00] ABORTADO antes do V9.17 por segurança.
[2026-08-28T22:25:01.866157+00:00] CICLO V9.21 iniciado
[2026-08-28T22:25:01.866291+00:00] INÍCIO SCANNER_V3: scanner_v3.py
[2026-08-28T22:25:28.665843+00:00] FIM SCANNER_V3: rc=0
[2026-08-28T22:25:28.666151+00:00] INÍCIO ADAPTER_V9.20: scanner_v3_to_v9.py
[2026-08-28T22:25:28.739050+00:00] FIM ADAPTER_V9.20: rc=0
[2026-08-28T22:25:28.741823+00:00] PREFLIGHT: BLOQUEADO - SINAIS ACIONÁVEIS DUPLICADOS:
  - ONT/USDT 2026-08-27T00:00:00+00:00 1h -> 20260827014214_003, 20260827000000+0000_2bebac6d5a
[2026-08-28T22:25:28.741967+00:00] ABORTADO antes do V9.17 por segurança.
[2026-08-28T23:25:01.864810+00:00] CICLO V9.21 iniciado
[2026-08-28T23:25:01.864964+00:00] INÍCIO SCANNER_V3: scanner_v3.py
[2026-08-28T23:25:31.902396+00:00] FIM SCANNER_V3: rc=0
[2026-08-28T23:25:31.902676+00:00] INÍCIO ADAPTER_V9.20: scanner_v3_to_v9.py
[2026-08-28T23:25:31.974761+00:00] FIM ADAPTER_V9.20: rc=0
[2026-08-28T23:25:31.977093+00:00] PREFLIGHT: BLOQUEADO - SINAIS ACIONÁVEIS DUPLICADOS:
  - ONT/USDT 2026-08-27T00:00:00+00:00 1h -> 20260827014214_003, 20260827000000+0000_2bebac6d5a
[2026-08-28T23:25:31.977221+00:00] ABORTADO antes do V9.17 por segurança.
[2026-08-29T00:25:01.099648+00:00] CICLO V9.21 iniciado
[2026-08-29T00:25:01.099773+00:00] INÍCIO SCANNER_V3: scanner_v3.py
[2026-08-29T00:25:27.977547+00:00] FIM SCANNER_V3: rc=0
[2026-08-29T00:25:27.977812+00:00] INÍCIO ADAPTER_V9.20: scanner_v3_to_v9.py
[2026-08-29T00:25:28.052367+00:00] FIM ADAPTER_V9.20: rc=0
[2026-08-29T00:25:28.055948+00:00] PREFLIGHT: BLOQUEADO - SINAIS ACIONÁVEIS DUPLICADOS:
  - ONT/USDT 2026-08-27T00:00:00+00:00 1h -> 20260827014214_003, 20260827000000+0000_2bebac6d5a
[2026-08-29T00:25:28.056169+00:00] ABORTADO antes do V9.17 por segurança.
[2026-08-29T01:25:01.401158+00:00] CICLO V9.21 iniciado
[2026-08-29T01:25:01.402295+00:00] INÍCIO SCANNER_V3: scanner_v3.py
[2026-08-29T01:25:31.759270+00:00] FIM SCANNER_V3: rc=0
[2026-08-29T01:25:31.759561+00:00] INÍCIO ADAPTER_V9.20: scanner_v3_to_v9.py
[2026-08-29T01:25:31.910053+00:00] FIM ADAPTER_V9.20: rc=0
[2026-08-29T01:25:31.914462+00:00] PREFLIGHT: BLOQUEADO - SINAIS ACIONÁVEIS DUPLICADOS:
  - ONT/USDT 2026-08-27T00:00:00+00:00 1h -> 20260827014214_003, 20260827000000+0000_2bebac6d5a
[2026-08-29T01:25:31.914627+00:00] ABORTADO antes do V9.17 por segurança.
[2026-08-29T02:25:01.093534+00:00] CICLO V9.21 iniciado
[2026-08-29T02:25:01.094179+00:00] INÍCIO SCANNER_V3: scanner_v3.py
[2026-08-29T02:25:29.112314+00:00] FIM SCANNER_V3: rc=0
[2026-08-29T02:25:29.112563+00:00] INÍCIO ADAPTER_V9.20: scanner_v3_to_v9.py
[2026-08-29T02:25:29.219369+00:00] FIM ADAPTER_V9.20: rc=0
[2026-08-29T02:25:29.222350+00:00] PREFLIGHT: BLOQUEADO - SINAIS ACIONÁVEIS DUPLICADOS:
  - ONT/USDT 2026-08-27T00:00:00+00:00 1h -> 20260827014214_003, 20260827000000+0000_2bebac6d5a
[2026-08-29T02:25:29.222494+00:00] ABORTADO antes do V9.17 por segurança.
[2026-08-29T03:25:01.375917+00:00] CICLO V9.21 iniciado
[2026-08-29T03:25:01.377134+00:00] INÍCIO SCANNER_V3: scanner_v3.py
[2026-08-29T03:25:31.917286+00:00] FIM SCANNER_V3: rc=0
[2026-08-29T03:25:31.917559+00:00] INÍCIO ADAPTER_V9.20: scanner_v3_to_v9.py
[2026-08-29T03:25:32.063156+00:00] FIM ADAPTER_V9.20: rc=0
[2026-08-29T03:25:32.066199+00:00] PREFLIGHT: BLOQUEADO - SINAIS ACIONÁVEIS DUPLICADOS:
  - ONT/USDT 2026-08-27T00:00:00+00:00 1h -> 20260827014214_003, 20260827000000+0000_2bebac6d5a
[2026-08-29T03:25:32.066343+00:00] ABORTADO antes do V9.17 por segurança.
[2026-08-29T04:25:01.192846+00:00] CICLO V9.21 iniciado
[2026-08-29T04:25:01.192976+00:00] INÍCIO SCANNER_V3: scanner_v3.py
[2026-08-29T04:25:30.444042+00:00] FIM SCANNER_V3: rc=0
[2026-08-29T04:25:30.444343+00:00] INÍCIO ADAPTER_V9.20: scanner_v3_to_v9.py
[2026-08-29T04:25:30.521477+00:00] FIM ADAPTER_V9.20: rc=0
[2026-08-29T04:25:30.523505+00:00] PREFLIGHT: BLOQUEADO - SINAIS ACIONÁVEIS DUPLICADOS:
  - ONT/USDT 2026-08-27T00:00:00+00:00 1h -> 20260827014214_003, 20260827000000+0000_2bebac6d5a
[2026-08-29T04:25:30.523615+00:00] ABORTADO antes do V9.17 por segurança.
[2026-08-29T04:26:17.361807+00:00] CICLO V9.21 iniciado
[2026-08-29T04:26:17.361962+00:00] INÍCIO SCANNER_V3: scanner_v3.py
[2026-08-29T04:26:44.370227+00:00] FIM SCANNER_V3: rc=0
[2026-08-29T04:26:44.370541+00:00] INÍCIO ADAPTER_V9.20: scanner_v3_to_v9.py
[2026-08-29T04:26:44.440740+00:00] FIM ADAPTER_V9.20: rc=0
[2026-08-29T04:26:44.444023+00:00] PREFLIGHT: BLOQUEADO - 155 sinais acionáveis excedem o limite defensivo de 10 neste orquestrador.
[2026-08-29T04:26:44.444211+00:00] ABORTADO antes do V9.17 por segurança.
[2026-08-29T04:29:05.553124+00:00] CICLO V9.21 iniciado
[2026-08-29T04:29:05.553271+00:00] INÍCIO SCANNER_V3: scanner_v3.py
[2026-08-29T04:29:34.498875+00:00] FIM SCANNER_V3: rc=0
[2026-08-29T04:29:34.499180+00:00] INÍCIO ADAPTER_V9.20: scanner_v3_to_v9.py
[2026-08-29T04:29:34.578940+00:00] FIM ADAPTER_V9.20: rc=0
[2026-08-29T04:29:34.581813+00:00] PREFLIGHT: BLOQUEADO - 30 sinais acionáveis excedem o limite defensivo de 10 neste orquestrador.
[2026-08-29T04:29:34.581947+00:00] ABORTADO antes do V9.17 por segurança.
[2026-08-29T04:31:24.586612+00:00] CICLO V9.21 iniciado
[2026-08-29T04:31:24.586764+00:00] INÍCIO SCANNER_V3: scanner_v3.py
[2026-08-29T04:31:56.608853+00:00] FIM SCANNER_V3: rc=0
[2026-08-29T04:31:56.609135+00:00] INÍCIO ADAPTER_V9.20: scanner_v3_to_v9.py
[2026-08-29T04:31:56.691527+00:00] FIM ADAPTER_V9.20: rc=0
[2026-08-29T04:31:56.691853+00:00] INÍCIO MONITOR_CLOSE_V9.18: paper_trading_v9_18.py
[2026-08-29T04:32:00.483894+00:00] FIM MONITOR_CLOSE_V9.18: rc=0
[2026-08-29T04:32:00.489448+00:00] PREFLIGHT_PÓS_MONITOR: BLOQUEADO - 30 sinais acionáveis excedem o limite defensivo de 10 neste orquestrador.
[2026-08-29T04:50:42.716364+00:00] CICLO V9.21 iniciado
[2026-08-29T04:50:42.717120+00:00] INÍCIO SCANNER_V3: scanner_v3.py
[2026-08-29T04:51:11.809616+00:00] FIM SCANNER_V3: rc=0
[2026-08-29T04:51:11.809922+00:00] INÍCIO ADAPTER_V9.20: scanner_v3_to_v9.py
[2026-08-29T04:51:11.957863+00:00] FIM ADAPTER_V9.20: rc=0
[2026-08-29T04:51:11.958342+00:00] INÍCIO MONITOR_CLOSE_V9.18: paper_trading_v9_18.py
[2026-08-29T04:51:12.587135+00:00] FIM MONITOR_CLOSE_V9.18: rc=0
[2026-08-29T04:51:12.592717+00:00] PREFLIGHT_PÓS_MONITOR: BLOQUEADO - 30 sinais acionáveis excedem o limite defensivo de 10 neste orquestrador.
